Component: Arm Compiler for Embedded 6.22 Tool: armlink [5ee90200]

==============================================================================

Section Cross References

    main.o(.text.vLEDTask) refers to atc_e25.o(.text.atc25_led_running) for atc25_led_running
    main.o(.text.vLEDTask) refers to tasks.o(.text.vTaskDelay) for vTaskDelay
    main.o(.ARM.exidx.text.vLEDTask) refers to main.o(.text.vLEDTask) for [Anonymous Symbol]
    main.o(.text.main) refers to systick.o(.text.systick_config) for systick_config
    main.o(.text.main) refers to atc_e25.o(.text.atc25_led_init) for atc25_led_init
    main.o(.text.main) refers to main.o(.text.vLEDTask) for vLEDTask
    main.o(.text.main) refers to tasks.o(.text.xTaskCreate) for xTaskCreate
    main.o(.text.main) refers to tasks.o(.text.vTaskStartScheduler) for vTaskStartScheduler
    main.o(.ARM.exidx.text.main) refers to main.o(.text.main) for [Anonymous Symbol]
    gd32f30x_it.o(.text) refers (Special) to _printf_percent.o(.ARM.Collect$$_printf_percent$$00000000) for _printf_percent
    gd32f30x_it.o(.text) refers (Special) to _printf_d.o(.ARM.Collect$$_printf_percent$$00000009) for _printf_d
    gd32f30x_it.o(.text) refers (Special) to _printf_dec.o(.text) for _printf_int_dec
    gd32f30x_it.o(.text.NMI_Handler) refers (Special) to _printf_percent.o(.ARM.Collect$$_printf_percent$$00000000) for _printf_percent
    gd32f30x_it.o(.text.NMI_Handler) refers (Special) to _printf_d.o(.ARM.Collect$$_printf_percent$$00000009) for _printf_d
    gd32f30x_it.o(.text.NMI_Handler) refers (Special) to _printf_dec.o(.text) for _printf_int_dec
    gd32f30x_it.o(.ARM.exidx.text.NMI_Handler) refers (Special) to _printf_percent.o(.ARM.Collect$$_printf_percent$$00000000) for _printf_percent
    gd32f30x_it.o(.ARM.exidx.text.NMI_Handler) refers (Special) to _printf_d.o(.ARM.Collect$$_printf_percent$$00000009) for _printf_d
    gd32f30x_it.o(.ARM.exidx.text.NMI_Handler) refers (Special) to _printf_dec.o(.text) for _printf_int_dec
    gd32f30x_it.o(.ARM.exidx.text.NMI_Handler) refers to gd32f30x_it.o(.text.NMI_Handler) for [Anonymous Symbol]
    gd32f30x_it.o(.text.HardFault_Handler) refers (Special) to _printf_percent.o(.ARM.Collect$$_printf_percent$$00000000) for _printf_percent
    gd32f30x_it.o(.text.HardFault_Handler) refers (Special) to _printf_d.o(.ARM.Collect$$_printf_percent$$00000009) for _printf_d
    gd32f30x_it.o(.text.HardFault_Handler) refers (Special) to _printf_dec.o(.text) for _printf_int_dec
    gd32f30x_it.o(.ARM.exidx.text.HardFault_Handler) refers (Special) to _printf_percent.o(.ARM.Collect$$_printf_percent$$00000000) for _printf_percent
    gd32f30x_it.o(.ARM.exidx.text.HardFault_Handler) refers (Special) to _printf_d.o(.ARM.Collect$$_printf_percent$$00000009) for _printf_d
    gd32f30x_it.o(.ARM.exidx.text.HardFault_Handler) refers (Special) to _printf_dec.o(.text) for _printf_int_dec
    gd32f30x_it.o(.ARM.exidx.text.HardFault_Handler) refers to gd32f30x_it.o(.text.HardFault_Handler) for [Anonymous Symbol]
    gd32f30x_it.o(.text.MemManage_Handler) refers (Special) to _printf_percent.o(.ARM.Collect$$_printf_percent$$00000000) for _printf_percent
    gd32f30x_it.o(.text.MemManage_Handler) refers (Special) to _printf_d.o(.ARM.Collect$$_printf_percent$$00000009) for _printf_d
    gd32f30x_it.o(.text.MemManage_Handler) refers (Special) to _printf_dec.o(.text) for _printf_int_dec
    gd32f30x_it.o(.ARM.exidx.text.MemManage_Handler) refers (Special) to _printf_percent.o(.ARM.Collect$$_printf_percent$$00000000) for _printf_percent
    gd32f30x_it.o(.ARM.exidx.text.MemManage_Handler) refers (Special) to _printf_d.o(.ARM.Collect$$_printf_percent$$00000009) for _printf_d
    gd32f30x_it.o(.ARM.exidx.text.MemManage_Handler) refers (Special) to _printf_dec.o(.text) for _printf_int_dec
    gd32f30x_it.o(.ARM.exidx.text.MemManage_Handler) refers to gd32f30x_it.o(.text.MemManage_Handler) for [Anonymous Symbol]
    gd32f30x_it.o(.text.BusFault_Handler) refers (Special) to _printf_percent.o(.ARM.Collect$$_printf_percent$$00000000) for _printf_percent
    gd32f30x_it.o(.text.BusFault_Handler) refers (Special) to _printf_d.o(.ARM.Collect$$_printf_percent$$00000009) for _printf_d
    gd32f30x_it.o(.text.BusFault_Handler) refers (Special) to _printf_dec.o(.text) for _printf_int_dec
    gd32f30x_it.o(.ARM.exidx.text.BusFault_Handler) refers (Special) to _printf_percent.o(.ARM.Collect$$_printf_percent$$00000000) for _printf_percent
    gd32f30x_it.o(.ARM.exidx.text.BusFault_Handler) refers (Special) to _printf_d.o(.ARM.Collect$$_printf_percent$$00000009) for _printf_d
    gd32f30x_it.o(.ARM.exidx.text.BusFault_Handler) refers (Special) to _printf_dec.o(.text) for _printf_int_dec
    gd32f30x_it.o(.ARM.exidx.text.BusFault_Handler) refers to gd32f30x_it.o(.text.BusFault_Handler) for [Anonymous Symbol]
    gd32f30x_it.o(.text.UsageFault_Handler) refers (Special) to _printf_percent.o(.ARM.Collect$$_printf_percent$$00000000) for _printf_percent
[...]
    freertos_evr.c                           0x00000000   Number         0  freertos_evr.o ABSOLUTE
    gd32f30x_adc.c                           0x00000000   Number         0  gd32f30x_adc.o ABSOLUTE
    gd32f30x_exti.c                          0x00000000   Number         0  gd32f30x_exti.o ABSOLUTE
    gd32f30x_gpio.c                          0x00000000   Number         0  gd32f30x_gpio.o ABSOLUTE
    gd32f30x_i2c.c                           0x00000000   Number         0  gd32f30x_i2c.o ABSOLUTE
    gd32f30x_it.c                            0x00000000   Number         0  gd32f30x_it.o ABSOLUTE
    gd32f30x_misc.c                          0x00000000   Number         0  gd32f30x_misc.o ABSOLUTE
    gd32f30x_pmu.c                           0x00000000   Number         0  gd32f30x_pmu.o ABSOLUTE
    gd32f30x_rcu.c                           0x00000000   Number         0  gd32f30x_rcu.o ABSOLUTE
    gd32f30x_timer.c                         0x00000000   Number         0  gd32f30x_timer.o ABSOLUTE
    gd32f30x_usart.c                         0x00000000   Number         0  gd32f30x_usart.o ABSOLUTE
    heap_1.c                                 0x00000000   Number         0  heap_1.o ABSOLUTE
    list.c                                   0x00000000   Number         0  list.o ABSOLUTE
    main.c                                   0x00000000   Number         0  main.o ABSOLUTE
    port.c                                   0x00000000   Number         0  port.o ABSOLUTE
    queue.c                                  0x00000000   Number         0  queue.o ABSOLUTE
    stream_buffer.c                          0x00000000   Number         0  stream_buffer.o ABSOLUTE
    system_gd32f30x.c                        0x00000000   Number         0  system_gd32f30x.o ABSOLUTE
    systick.c                                0x00000000   Number         0  systick.o ABSOLUTE
    task_atc25.c                             0x00000000   Number         0  task_atc25.o ABSOLUTE
    tasks.c                                  0x00000000   Number         0  tasks.o ABSOLUTE
    timers.c                                 0x00000000   Number         0  timers.o ABSOLUTE
    RESET                                    0x08000000   Section      304  startup_gd32f30x_hd.o(RESET)
    !!!main                                  0x08000130   Section        8  __main.o(!!!main)
    !!!scatter                               0x08000138   Section       92  __scatter.o(!!!scatter)
    !!handler_copy                           0x08000194   Section       26  __scatter_copy.o(!!handler_copy)
    !!handler_null                           0x080001b0   Section        2  __scatter.o(!!handler_null)
    !!handler_zi                             0x080001b4   Section       28  __scatter_zi.o(!!handler_zi)
    .ARM.Collect$$_printf_percent$$00000000  0x080001d0   Section        0  _printf_percent.o(.ARM.Collect$$_printf_percent$$00000000)
    .ARM.Collect$$_printf_percent$$00000009  0x080001d0   Section        6  _printf_d.o(.ARM.Collect$$_printf_percent$$00000009)
    .ARM.Collect$$_printf_percent$$00000014  0x080001d6   Section        6  _printf_s.o(.ARM.Collect$$_printf_percent$$00000014)
    .ARM.Collect$$_printf_percent$$00000017  0x080001dc   Section        4  _printf_percent_end.o(.ARM.Collect$$_printf_percent$$00000017)
    .ARM.Collect$$libinit$$00000000          0x080001e0   Section        2  libinit.o(.ARM.Collect$$libinit$$00000000)
    .ARM.Collect$$libinit$$00000001          0x080001e2   Section        4  libinit2.o(.ARM.Collect$$libinit$$00000001)
    .ARM.Collect$$libinit$$00000004          0x080001e6   Section        0  libinit2.o(.ARM.Collect$$libinit$$00000004)
    .ARM.Collect$$libinit$$00000006          0x080001e6   Section        0  libinit2.o(.ARM.Collect$$libinit$$00000006)
    .ARM.Collect$$libinit$$0000000C          0x080001e6   Section        0  libinit2.o(.ARM.Collect$$libinit$$0000000C)
    .ARM.Collect$$libinit$$0000000E          0x080001e6   Section        0  libinit2.o(.ARM.Collect$$libinit$$0000000E)
    .ARM.Collect$$libinit$$00000010          0x080001e6   Section        0  libinit2.o(.ARM.Collect$$libinit$$00000010)
    .ARM.Collect$$libinit$$00000013          0x080001e6   Section        0  libinit2.o(.ARM.Collect$$libinit$$00000013)
    .ARM.Collect$$libinit$$00000015          0x080001e6   Section        0  libinit2.o(.ARM.Collect$$libinit$$00000015)
    .ARM.Collect$$libinit$$00000017          0x080001e6   Section        0  libinit2.o(.ARM.Collect$$libinit$$00000017)
    .ARM.Collect$$libinit$$00000019          0x080001e6   Section        0  libinit2.o(.ARM.Collect$$libinit$$00000019)
    .ARM.Collect$$libinit$$0000001B          0x080001e6   Section        0  libinit2.o(.ARM.Collect$$libinit$$0000001B)
    .ARM.Collect$$libinit$$0000001D          0x080001e6   Section        0  libinit2.o(.ARM.Collect$$libinit$$0000001D)
    .ARM.Collect$$libinit$$0000001F          0x080001e6   Section        0  libinit2.o(.ARM.Collect$$libinit$$0000001F)
    .ARM.Collect$$libinit$$00000021          0x080001e6   Section        0  libinit2.o(.ARM.Collect$$libinit$$00000021)
    .ARM.Collect$$libinit$$00000023          0x080001e6   Section        0  libinit2.o(.ARM.Collect$$libinit$$00000023)
    .ARM.Collect$$libinit$$00000025          0x080001e6   Section        0  libinit2.o(.ARM.Collect$$libinit$$00000025)
    .ARM.Collect$$libinit$$00000027          0x080001e6   Section        0  libinit2.o(.ARM.Collect$$libinit$$00000027)
    .ARM.Collect$$libinit$$0000002E          0x080001e6   Section        0  libinit2.o(.ARM.Collect$$libinit$$0000002E)
    .ARM.Collect$$libinit$$00000030          0x080001e6   Section        0  libinit2.o(.ARM.Collect$$libinit$$00000030)
    .ARM.Collect$$libinit$$00000032          0x080001e6   Section        0  libinit2.o(.ARM.Collect$$libinit$$00000032)
    .ARM.Collect$$libinit$$00000034          0x080001e6   Section        0  libinit2.o(.ARM.Collect$$libinit$$00000034)
    .ARM.Collect$$libinit$$00000035          0x080001e6   Section        2  libinit2.o(.ARM.Collect$$libinit$$00000035)
    .ARM.Collect$$libshutdown$$00000000      0x080001e8   Section        2  libshutdown.o(.ARM.Collect$$libshutdown$$00000000)
    .ARM.Collect$$libshutdown$$00000002      0x080001ea   Section        0  libshutdown2.o(.ARM.Collect$$libshutdown$$00000002)
    .ARM.Collect$$libshutdown$$00000004      0x080001ea   Section        0  libshutdown2.o(.ARM.Collect$$libshutdown$$00000004)
    .ARM.Collect$$libshutdown$$00000007      0x080001ea   Section        0  libshutdown2.o(.ARM.Collect$$libshutdown$$00000007)
    .ARM.Collect$$libshutdown$$0000000A      0x080001ea   Section        0  libshutdown2.o(.ARM.Collect$$libshutdown$$0000000A)
    .ARM.Collect$$libshutdown$$0000000C      0x080001ea   Section        0  libshutdown2.o(.ARM.Collect$$libshutdown$$0000000C)
    .ARM.Collect$$libshutdown$$0000000F      0x080001ea   Section        0  libshutdown2.o(.ARM.Collect$$libshutdown$$0000000F)
    .ARM.Collect$$libshutdown$$00000010      0x080001ea   Section        2  libshutdown2.o(.ARM.Collect$$libshutdown$$00000010)
    .ARM.Collect$$rtentry$$00000000          0x080001ec   Section        0  __rtentry.o(.ARM.Collect$$rtentry$$00000000)
    .ARM.Collect$$rtentry$$00000002          0x080001ec   Section        0  __rtentry2.o(.ARM.Collect$$rtentry$$00000002)
    .ARM.Collect$$rtentry$$00000004          0x080001ec   Section        6  __rtentry4.o(.ARM.Collect$$rtentry$$00000004)
    .ARM.Collect$$rtentry$$00000009          0x080001f2   Section        0  __rtentry2.o(.ARM.Collect$$rtentry$$00000009)
    .ARM.Collect$$rtentry$$0000000A          0x080001f2   Section        4  __rtentry2.o(.ARM.Collect$$rtentry$$0000000A)
    .ARM.Collect$$rtentry$$0000000C          0x080001f6   Section        0  __rtentry2.o(.ARM.Collect$$rtentry$$0000000C)
    .ARM.Collect$$rtentry$$0000000D          0x080001f6   Section        8  __rtentry2.o(.ARM.Collect$$rtentry$$0000000D)
    .ARM.Collect$$rtexit$$00000000           0x080001fe   Section        2  rtexit.o(.ARM.Collect$$rtexit$$00000000)
    .ARM.Collect$$rtexit$$00000002           0x08000200   Section        0  rtexit2.o(.ARM.Collect$$rtexit$$00000002)
    .ARM.Collect$$rtexit$$00000003           0x08000200   Section        4  rtexit2.o(.ARM.Collect$$rtexit$$00000003)
    .ARM.Collect$$rtexit$$00000004           0x08000204   Section        6  rtexit2.o(.ARM.Collect$$rtexit$$00000004)
    $v0                                      0x0800020c   Number         0  startup_gd32f30x_hd.o(.text)
    .text                                    0x0800020c   Section       64  startup_gd32f30x_hd.o(.text)
    .text                                    0x0800024c   Section        0  noretval__2sprintf.o(.text)
    .text                                    0x08000274   Section        0  __printf.o(.text)
    .text                                    0x080002dc   Section        0  _printf_str.o(.text)
    .text                                    0x08000330   Section        0  _printf_dec.o(.text)
    .text                                    0x080003a8   Section        0  strlen.o(.text)
    .text                                    0x080003e6   Section        0  strncmp.o(.text)
    .text                                    0x0800047c   Section      138  rt_memcpy_v6.o(.text)
    .text                                    0x08000506   Section       16  aeabi_memset4.o(.text)
    .text                                    0x08000516   Section       68  rt_memclr.o(.text)
    .text                                    0x0800055a   Section       78  rt_memclr_w.o(.text)
    .text                                    0x080005a8   Section        0  heapauxi.o(.text)
    .text                                    0x080005ae   Section        0  _printf_intcommon.o(.text)
    _printf_input_char                       0x08000661   Thumb Code    10  _printf_char_common.o(.text)
    .text                                    0x08000660   Section        0  _printf_char_common.o(.text)
    .text                                    0x08000690   Section        0  _sputc.o(.text)
    .text                                    0x0800069a   Section        0  _printf_char.o(.text)
    .text                                    0x080006c6   Section      100  rt_memcpy_w.o(.text)
    .text                                    0x0800072a   Section       74  sys_stackheap_outer.o(.text)
    .text                                    0x08000774   Section        0  exit.o(.text)
    .text                                    0x08000788   Section        8  libspace.o(.text)
    .text                                    0x08000790   Section        0  sys_exit.o(.text)
    .text                                    0x0800079c   Section        2  use_no_semi.o(.text)
    .text                                    0x0800079e   Section        0  indicate_semi.o(.text)
    [Anonymous Symbol]                       0x080007a0   Section        0  gd32f30x_it.o(.text.BusFault_Handler)
    [Anonymous Symbol]                       0x080007a4   Section        0  gd32f30x_it.o(.text.DebugMon_Handler)
    [Anonymous Symbol]                       0x080007a8   Section        0  gd32f30x_it.o(.text.EXTI10_15_IRQHandler)
    [Anonymous Symbol]                       0x0800099c   Section        0  gd32f30x_it.o(.text.HardFault_Handler)
    [Anonymous Symbol]                       0x080009a0   Section        0  gd32f30x_it.o(.text.MemManage_Handler)
    [Anonymous Symbol]                       0x080009a4   Section        0  gd32f30x_it.o(.text.NMI_Handler)
    [Anonymous Symbol]                       0x080009a8   Section        0  gd32f30x_it.o(.text.PendSV_Handler)
    [Anonymous Symbol]                       0x080009ac   Section        0  gd32f30x_it.o(.text.SVC_Handler)
    [Anonymous Symbol]                       0x080009b0   Section        0  gd32f30x_it.o(.text.SysTick_Handler)
    [Anonymous Symbol]                       0x080009b4   Section        0  system_gd32f30x.o(.text.SystemInit)
    [Anonymous Symbol]                       0x08000ad4   Section        0  atc_e25.o(.text.UART3_IRQHandler)
    [Anonymous Symbol]                       0x08000b88   Section        0  gd32f30x_it.o(.text.UsageFault_Handler)
    [Anonymous Symbol]                       0x08000b8c   Section        0  atc_e25.o(.text.atc25_led_flash)
    [Anonymous Symbol]                       0x08000c64   Section        0  atc_e25.o(.text.atc25_led_init)
    [Anonymous Symbol]                       0x08000cb8   Section        0  atc_e25.o(.text.atc25_led_off)
    [Anonymous Symbol]                       0x08000d04   Section        0  atc_e25.o(.text.atc25_led_on)
    [Anonymous Symbol]                       0x08000d50   Section        0  atc_e25.o(.text.atc25_led_running)
    [Anonymous Symbol]                       0x08000e3c   Section        0  systick.o(.text.delay_1ms)
    [Anonymous Symbol]                       0x08000e50   Section        0  systick.o(.text.delay_decrement)
    [Anonymous Symbol]                       0x08000e68   Section        0  gd32f30x_exti.o(.text.exti_interrupt_flag_clear)
    [Anonymous Symbol]                       0x08000e74   Section        0  gd32f30x_exti.o(.text.exti_interrupt_flag_get)
    [Anonymous Symbol]                       0x08000e94   Section        0  atc_e25.o(.text.get_messages_for_topic)
    [Anonymous Symbol]                       0x08000f04   Section        0  gd32f30x_gpio.o(.text.gpio_bit_reset)
    [Anonymous Symbol]                       0x08000f08   Section        0  gd32f30x_gpio.o(.text.gpio_bit_set)
    [Anonymous Symbol]                       0x08000f0c   Section        0  gd32f30x_gpio.o(.text.gpio_init)
    [Anonymous Symbol]                       0x08000fb0   Section        0  gd32f30x_gpio.o(.text.gpio_input_bit_get)
    [Anonymous Symbol]                       0x08000fbc   Section        0  main.o(.text.main)
    [Anonymous Symbol]                       0x08000ff8   Section        0  atc_e25.o(.text.neoway_connect)
    prvAddCurrentTaskToDelayedList           0x08001051   Thumb Code   206  tasks.o(.text.prvAddCurrentTaskToDelayedList)
    [Anonymous Symbol]                       0x08001050   Section        0  tasks.o(.text.prvAddCurrentTaskToDelayedList)
    prvAddNewTaskToReadyList                 0x08001121   Thumb Code   304  tasks.o(.text.prvAddNewTaskToReadyList)
    [Anonymous Symbol]                       0x08001120   Section        0  tasks.o(.text.prvAddNewTaskToReadyList)
    prvCheckTasksWaitingTermination          0x08001251   Thumb Code   122  tasks.o(.text.prvCheckTasksWaitingTermination)
    [Anonymous Symbol]                       0x08001250   Section        0  tasks.o(.text.prvCheckTasksWaitingTermination)
    prvIdleTask                              0x080012cd   Thumb Code    42  tasks.o(.text.prvIdleTask)
    [Anonymous Symbol]                       0x080012cc   Section        0  tasks.o(.text.prvIdleTask)
    prvProcessExpiredTimer                   0x080012f9   Thumb Code   164  timers.o(.text.prvProcessExpiredTimer)
    [Anonymous Symbol]                       0x080012f8   Section        0  timers.o(.text.prvProcessExpiredTimer)
    prvTaskExitError                         0x0800139d   Thumb Code    50  port.o(.text.prvTaskExitError)
    [Anonymous Symbol]                       0x0800139c   Section        0  port.o(.text.prvTaskExitError)
    prvTimerTask                             0x080013d1   Thumb Code   818  timers.o(.text.prvTimerTask)
    [Anonymous Symbol]                       0x080013d0   Section        0  timers.o(.text.prvTimerTask)
    prvUnlockQueue                           0x08001705   Thumb Code   116  queue.o(.text.prvUnlockQueue)
    [Anonymous Symbol]                       0x08001704   Section        0  queue.o(.text.prvUnlockQueue)
    [Anonymous Symbol]                       0x08001778   Section        0  heap_1.o(.text.pvPortMalloc)
    [Anonymous Symbol]                       0x080017e4   Section        0  port.o(.text.pxPortInitialiseStack)
    [Anonymous Symbol]                       0x08001808   Section        0  gd32f30x_rcu.o(.text.rcu_periph_clock_enable)
    [Anonymous Symbol]                       0x08001828   Section        0  systick.o(.text.systick_config)
    [Anonymous Symbol]                       0x08001874   Section        0  gd32f30x_usart.o(.text.usart_data_receive)
    [Anonymous Symbol]                       0x0800187c   Section        0  gd32f30x_usart.o(.text.usart_data_transmit)
    [Anonymous Symbol]                       0x08001884   Section        0  gd32f30x_usart.o(.text.usart_flag_get)
    [Anonymous Symbol]                       0x08001894   Section        0  gd32f30x_usart.o(.text.usart_interrupt_flag_clear)
    [Anonymous Symbol]                       0x080018ac   Section        0  gd32f30x_usart.o(.text.usart_interrupt_flag_get)
    [Anonymous Symbol]                       0x080018d0   Section        0  atc_e25.o(.text.usart_string_transmit)
    [Anonymous Symbol]                       0x08001908   Section        0  list.o(.text.uxListRemove)
    [Anonymous Symbol]                       0x0800192c   Section        0  tasks.o(.text.vApplicationGetTimerTaskMemory)
    [Anonymous Symbol]                       0x08001948   Section        0  task_atc25.o(.text.vApplicationStackOverflowHook)
    [Anonymous Symbol]                       0x08001954   Section        0  main.o(.text.vLEDTask)
    [Anonymous Symbol]                       0x08001968   Section        0  list.o(.text.vListInitialise)
    [Anonymous Symbol]                       0x08001980   Section        0  list.o(.text.vListInitialiseItem)
    [Anonymous Symbol]                       0x08001988   Section        0  list.o(.text.vListInsert)
    [Anonymous Symbol]                       0x080019c8   Section        0  port.o(.text.vPortEnterCritical)
    [Anonymous Symbol]                       0x08001a10   Section        0  port.o(.text.vPortExitCritical)
    [Anonymous Symbol]                       0x08001a40   Section        0  heap_1.o(.text.vPortFree)
    [Anonymous Symbol]                       0x08001a60   Section        0  port.o(.text.vPortSVCHandler)
    pxCurrentTCBConst2                       0x08001a80   Number         0  port.o(.text.vPortSVCHandler)
    [Anonymous Symbol]                       0x08001a84   Section        0  queue.o(.text.vQueueWaitForMessageRestricted)
    [Anonymous Symbol]                       0x08001ad4   Section        0  tasks.o(.text.vTaskDelay)
    [Anonymous Symbol]                       0x08001bb0   Section        0  tasks.o(.text.vTaskInternalSetTimeOutState)
    [Anonymous Symbol]                       0x08001bd0   Section        0  tasks.o(.text.vTaskMissedYield)
    [Anonymous Symbol]                       0x08001be0   Section        0  tasks.o(.text.vTaskPlaceOnEventList)
    [Anonymous Symbol]                       0x08001c1c   Section        0  tasks.o(.text.vTaskPlaceOnEventListRestricted)
    [Anonymous Symbol]                       0x08001c88   Section        0  tasks.o(.text.vTaskStartScheduler)
    [Anonymous Symbol]                       0x08001d3c   Section        0  tasks.o(.text.vTaskSuspendAll)
    __tagsym$$used.0                         0x08001d4c   Number         0  tasks.o(.text.vTaskSwitchContext)
    [Anonymous Symbol]                       0x08001d4c   Section        0  tasks.o(.text.vTaskSwitchContext)
    [Anonymous Symbol]                       0x08001e10   Section        0  port.o(.text.xPortPendSVHandler)
    pxCurrentTCBConst                        0x08001e70   Number         0  port.o(.text.xPortPendSVHandler)
    [Anonymous Symbol]                       0x08001e74   Section        0  port.o(.text.xPortStartScheduler)
    [Anonymous Symbol]                       0x08001f3c   Section        0  queue.o(.text.xQueueGenericCreateStatic)
    [Anonymous Symbol]                       0x08002008   Section        0  queue.o(.text.xQueueReceive)
    [Anonymous Symbol]                       0x080021b8   Section        0  tasks.o(.text.xTaskCheckForTimeOut)
    [Anonymous Symbol]                       0x08002274   Section        0  tasks.o(.text.xTaskCreate)
    [Anonymous Symbol]                       0x08002358   Section        0  tasks.o(.text.xTaskCreateStatic)
    [Anonymous Symbol]                       0x08002468   Section        0  tasks.o(.text.xTaskGetSchedulerState)
    [Anonymous Symbol]                       0x08002490   Section        0  tasks.o(.text.xTaskGetTickCount)
    [Anonymous Symbol]                       0x080024ac   Section        0  tasks.o(.text.xTaskIncrementTick)
    [Anonymous Symbol]                       0x0800268c   Section        0  tasks.o(.text.xTaskRemoveFromEventList)
    [Anonymous Symbol]                       0x08002774   Section        0  tasks.o(.text.xTaskResumeAll)
    [Anonymous Symbol]                       0x08002918   Section        0  timers.o(.text.xTimerCreateTimerTask)
    $v0                                      0x080029e0   Number         0  fpinit.o(x$fpl$fpinit)
    x$fpl$fpinit                             0x080029e0   Section       26  fpinit.o(x$fpl$fpinit)
    .L.str                                   0x080029fa   Data          87  gd32f30x_it.o(.rodata.str1.1)
    [Anonymous Symbol]                       0x080029fa   Section        0  gd32f30x_it.o(.rodata.str1.1)
    .L.str                                   0x08002a51   Data           3  atc_e25.o(.rodata.str1.1)
    [Anonymous Symbol]                       0x08002a51   Section        0  atc_e25.o(.rodata.str1.1)
    .L.str.12                                0x08002a54   Data           1  atc_e25.o(.rodata.str1.1)
    .L.str.14                                0x08002a55   Data          34  atc_e25.o(.rodata.str1.1)
    .L.str.15                                0x08002a90   Data          25  atc_e25.o(.rodata.str1.1)
    .L.str.17                                0x08002a90   Data          29  atc_e25.o(.rodata.str1.1)
    uxTopUsedPriority                        0x08002aac   Data           4  tasks.o(.rodata.uxTopUsedPriority)
    [Anonymous Symbol]                       0x08002aac   Section        0  tasks.o(.rodata.uxTopUsedPriority)
    uxCriticalNesting                        0x2000000c   Data           4  port.o(.data.uxCriticalNesting)
    [Anonymous Symbol]                       0x2000000c   Section        0  port.o(.data.uxCriticalNesting)
    .bss                                     0x20000010   Section       96  libspace.o(.bss)
    delay                                    0x20000078   Data           4  systick.o(.bss.delay)
    [Anonymous Symbol]                       0x20000078   Section        0  systick.o(.bss.delay)
    prvCheckForValidListAndQueue.ucStaticTimerQueueStorage 0x2000007d   Data         240  timers.o(.bss.prvCheckForValidListAndQueue.ucStaticTimerQueueStorage)
    [Anonymous Symbol]                       0x2000007d   Section        0  timers.o(.bss.prvCheckForValidListAndQueue.ucStaticTimerQueueStorage)
    prvCheckForValidListAndQueue.xStaticTimerQueue 0x20000170   Data          80  timers.o(.bss.prvCheckForValidListAndQueue.xStaticTimerQueue)
    [Anonymous Symbol]                       0x20000170   Section        0  timers.o(.bss.prvCheckForValidListAndQueue.xStaticTimerQueue)
    prvSampleTimeNow.xLastTime               0x200001c0   Data           8  timers.o(.bss.prvSampleTimeNow.xLastTime)
    [Anonymous Symbol]                       0x200001c0   Section        0  timers.o(.bss.prvSampleTimeNow.xLastTime)
    pvPortMalloc.pucAlignedHeap              0x200001c8   Data           4  heap_1.o(.bss.pvPortMalloc.pucAlignedHeap)
    [Anonymous Symbol]                       0x200001c8   Section        0  heap_1.o(.bss.pvPortMalloc.pucAlignedHeap)
    __tagsym$$used.1                         0x200001cc   Number         0  tasks.o(.bss.pxCurrentTCB)
    pxCurrentTimerList                       0x200001d0   Data           4  timers.o(.bss.pxCurrentTimerList)
    [Anonymous Symbol]                       0x200001d0   Section        0  timers.o(.bss.pxCurrentTimerList)
    pxDelayedTaskList                        0x200001d4   Data           4  tasks.o(.bss.pxDelayedTaskList)
    [Anonymous Symbol]                       0x200001d4   Section        0  tasks.o(.bss.pxDelayedTaskList)
    pxOverflowDelayedTaskList                0x200001d8   Data           4  tasks.o(.bss.pxOverflowDelayedTaskList)
    [Anonymous Symbol]                       0x200001d8   Section        0  tasks.o(.bss.pxOverflowDelayedTaskList)
    pxOverflowTimerList                      0x200001dc   Data           4  timers.o(.bss.pxOverflowTimerList)
    [Anonymous Symbol]                       0x200001dc   Section        0  timers.o(.bss.pxOverflowTimerList)
    pxReadyTasksLists                        0x200001e0   Data         120  tasks.o(.bss.pxReadyTasksLists)
    [Anonymous Symbol]                       0x200001e0   Section        0  tasks.o(.bss.pxReadyTasksLists)
    ucHeap                                   0x2000a194   Data        4096  heap_1.o(.bss.ucHeap)
    [Anonymous Symbol]                       0x2000a194   Section        0  heap_1.o(.bss.ucHeap)
    uxCurrentNumberOfTasks                   0x2000b194   Data           4  tasks.o(.bss.uxCurrentNumberOfTasks)
    [Anonymous Symbol]                       0x2000b194   Section        0  tasks.o(.bss.uxCurrentNumberOfTasks)
    uxDeletedTasksWaitingCleanUp             0x2000b198   Data           4  tasks.o(.bss.uxDeletedTasksWaitingCleanUp)
    [Anonymous Symbol]                       0x2000b198   Section        0  tasks.o(.bss.uxDeletedTasksWaitingCleanUp)
    uxSchedulerSuspended                     0x2000b19c   Data           4  tasks.o(.bss.uxSchedulerSuspended)
    [Anonymous Symbol]                       0x2000b19c   Section        0  tasks.o(.bss.uxSchedulerSuspended)
    uxTaskNumber                             0x2000b1a0   Data           4  tasks.o(.bss.uxTaskNumber)
    [Anonymous Symbol]                       0x2000b1a0   Section        0  tasks.o(.bss.uxTaskNumber)
    uxTopReadyPriority                       0x2000b1a4   Data           4  tasks.o(.bss.uxTopReadyPriority)
    [Anonymous Symbol]                       0x2000b1a4   Section        0  tasks.o(.bss.uxTopReadyPriority)
    vApplicationGetIdleTaskMemory.uxIdleTaskStack 0x2000b1a8   Data         512  tasks.o(.bss.vApplicationGetIdleTaskMemory.uxIdleTaskStack)
    [Anonymous Symbol]                       0x2000b1a8   Section        0  tasks.o(.bss.vApplicationGetIdleTaskMemory.uxIdleTaskStack)
    vApplicationGetIdleTaskMemory.xIdleTaskTCB 0x2000b3a8   Data          96  tasks.o(.bss.vApplicationGetIdleTaskMemory.xIdleTaskTCB)
    [Anonymous Symbol]                       0x2000b3a8   Section        0  tasks.o(.bss.vApplicationGetIdleTaskMemory.xIdleTaskTCB)
    vApplicationGetTimerTaskMemory.uxTimerTaskStack 0x2000b408   Data         512  tasks.o(.bss.vApplicationGetTimerTaskMemory.uxTimerTaskStack)
    [Anonymous Symbol]                       0x2000b408   Section        0  tasks.o(.bss.vApplicationGetTimerTaskMemory.uxTimerTaskStack)
    vApplicationGetTimerTaskMemory.xTimerTaskTCB 0x2000b608   Data          96  tasks.o(.bss.vApplicationGetTimerTaskMemory.xTimerTaskTCB)
    [Anonymous Symbol]                       0x2000b608   Section        0  tasks.o(.bss.vApplicationGetTimerTaskMemory.xTimerTaskTCB)
    xActiveTimerList1                        0x2000b668   Data          24  timers.o(.bss.xActiveTimerList1)
    [Anonymous Symbol]                       0x2000b668   Section        0  timers.o(.bss.xActiveTimerList1)
    xActiveTimerList2                        0x2000b680   Data          24  timers.o(.bss.xActiveTimerList2)
    [Anonymous Symbol]                       0x2000b680   Section        0  timers.o(.bss.xActiveTimerList2)
    xDelayedTaskList1                        0x2000b698   Data          24  tasks.o(.bss.xDelayedTaskList1)
    [Anonymous Symbol]                       0x2000b698   Section        0  tasks.o(.bss.xDelayedTaskList1)
    xDelayedTaskList2                        0x2000b6b0   Data          24  tasks.o(.bss.xDelayedTaskList2)
    [Anonymous Symbol]                       0x2000b6b0   Section        0  tasks.o(.bss.xDelayedTaskList2)
    xIdleTaskHandles.0                       0x2000b6c8   Data           4  tasks.o(.bss.xIdleTaskHandles.0)
    [Anonymous Symbol]                       0x2000b6c8   Section        0  tasks.o(.bss.xIdleTaskHandles.0)
    xNextFreeByte                            0x2000b6cc   Data           4  heap_1.o(.bss.xNextFreeByte)
    [Anonymous Symbol]                       0x2000b6cc   Section        0  heap_1.o(.bss.xNextFreeByte)
    xNextTaskUnblockTime                     0x2000b6d0   Data           8  tasks.o(.bss.xNextTaskUnblockTime)
    [Anonymous Symbol]                       0x2000b6d0   Section        0  tasks.o(.bss.xNextTaskUnblockTime)
    xNumOfOverflows                          0x2000b6d8   Data           4  tasks.o(.bss.xNumOfOverflows)
    [Anonymous Symbol]                       0x2000b6d8   Section        0  tasks.o(.bss.xNumOfOverflows)
    xPendedTicks                             0x2000b6e0   Data           8  tasks.o(.bss.xPendedTicks)
    [Anonymous Symbol]                       0x2000b6e0   Section        0  tasks.o(.bss.xPendedTicks)
    xPendingReadyList                        0x2000b6e8   Data          24  tasks.o(.bss.xPendingReadyList)
    [Anonymous Symbol]                       0x2000b6e8   Section        0  tasks.o(.bss.xPendingReadyList)
    xSchedulerRunning                        0x2000b700   Data           4  tasks.o(.bss.xSchedulerRunning)
    [Anonymous Symbol]                       0x2000b700   Section        0  tasks.o(.bss.xSchedulerRunning)
    xSuspendedTaskList                       0x2000b708   Data          24  tasks.o(.bss.xSuspendedTaskList)
    [Anonymous Symbol]                       0x2000b708   Section        0  tasks.o(.bss.xSuspendedTaskList)
    xTasksWaitingTermination                 0x2000b720   Data          24  tasks.o(.bss.xTasksWaitingTermination)
    [Anonymous Symbol]                       0x2000b720   Section        0  tasks.o(.bss.xTasksWaitingTermination)
    xTickCount                               0x2000b738   Data           8  tasks.o(.bss.xTickCount)
    [Anonymous Symbol]                       0x2000b738   Section        0  tasks.o(.bss.xTickCount)
    xTimerQueue                              0x2000b740   Data           4  timers.o(.bss.xTimerQueue)
    [Anonymous Symbol]                       0x2000b740   Section        0  timers.o(.bss.xTimerQueue)
    xTimerTaskHandle                         0x2000b744   Data           4  timers.o(.bss.xTimerTaskHandle)
    [Anonymous Symbol]                       0x2000b744   Section        0  timers.o(.bss.xTimerTaskHandle)
    xYieldPendings                           0x2000b748   Data           4  tasks.o(.bss.xYieldPendings)
    [Anonymous Symbol]                       0x2000b748   Section        0  tasks.o(.bss.xYieldPendings)
    Heap_Mem                                 0x2000b750   Data        1024  startup_gd32f30x_hd.o(HEAP)
    HEAP                                     0x2000b750   Section     1024  startup_gd32f30x_hd.o(HEAP)
    Stack_Mem                                0x2000bb50   Data        1024  startup_gd32f30x_hd.o(STACK)
    STACK                                    0x2000bb50   Section     1024  startup_gd32f30x_hd.o(STACK)
    __initial_sp                             0x2000bf50   Data           0  startup_gd32f30x_hd.o(STACK)

    Global Symbols

    Symbol Name                              Value     Ov Type        Size  Object(Section)

    BuildAttributes$$THM_ISAv4$E$P$D$K$B$S$7EM$VFPi3$EXTD16$VFPS$VFMA$PE$A:L22UL41UL21$X:L11$S22US41US21$IEEE1$IW$~IW$USESV6$~STKCKD$USESV7$~SHL$OTIME$ROPI$EBA8$UX$STANDARDLIB$REQ8$PRES8$EABIv2 0x00000000   Number         0  anon$$obj.o ABSOLUTE
    __ARM_exceptions_init                     - Undefined Weak Reference
    __alloca_initialize                       - Undefined Weak Reference
    __arm_preinit_                            - Undefined Weak Reference
    __arm_relocate_pie_                       - Undefined Weak Reference
    __cpp_initialize__aeabi_                  - Undefined Weak Reference
    __cxa_finalize                            - Undefined Weak Reference
    __rt_locale                               - Undefined Weak Reference
    __sigvec_lookup                           - Undefined Weak Reference
    _atexit_init                              - Undefined Weak Reference
    _call_atexit_fns                          - Undefined Weak Reference
    _clock_init                               - Undefined Weak Reference
    _fp_trap_init                             - Undefined Weak Reference
    _fp_trap_shutdown                         - Undefined Weak Reference
    _get_lc_collate                           - Undefined Weak Reference
    _get_lc_ctype                             - Undefined Weak Reference
    _get_lc_monetary                          - Undefined Weak Reference
    _get_lc_numeric                           - Undefined Weak Reference
    _get_lc_time                              - Undefined Weak Reference
    _getenv_init                              - Undefined Weak Reference
    _handle_redirection                       - Undefined Weak Reference
    _init_alloc                               - Undefined Weak Reference
    _init_user_alloc                          - Undefined Weak Reference
    _initio                                   - Undefined Weak Reference
    _printf_mbtowc                            - Undefined Weak Reference
    _printf_post_padding                      - Undefined Weak Reference
    _printf_pre_padding                       - Undefined Weak Reference
    _printf_truncate_signed                   - Undefined Weak Reference
    _printf_truncate_unsigned                 - Undefined Weak Reference
    _rand_init                                - Undefined Weak Reference
    _signal_finish                            - Undefined Weak Reference
    _signal_init                              - Undefined Weak Reference
    _terminate_alloc                          - Undefined Weak Reference
    _terminate_user_alloc                     - Undefined Weak Reference
    _terminateio                              - Undefined Weak Reference
    __Vectors_Size                           0x00000130   Number         0  startup_gd32f30x_hd.o ABSOLUTE
    __Vectors                                0x08000000   Data           4  startup_gd32f30x_hd.o(RESET)
    __Vectors_End                            0x08000130   Data           0  startup_gd32f30x_hd.o(RESET)
    __main                                   0x08000131   Thumb Code     8  __main.o(!!!main)
    __scatterload                            0x08000139   Thumb Code     0  __scatter.o(!!!scatter)
    __scatterload_rt2                        0x08000139   Thumb Code    84  __scatter.o(!!!scatter)
    __scatterload_rt2_thumb_only             0x08000139   Thumb Code     0  __scatter.o(!!!scatter)
    __scatterload_loop                       0x08000143   Thumb Code     0  __scatter.o(!!!scatter)
    __scatterload_copy                       0x08000195   Thumb Code    26  __scatter_copy.o(!!handler_copy)
    __scatterload_null                       0x080001b1   Thumb Code     2  __scatter.o(!!handler_null)
    __scatterload_zeroinit                   0x080001b5   Thumb Code    28  __scatter_zi.o(!!handler_zi)
    _printf_d                                0x080001d1   Thumb Code     0  _printf_d.o(.ARM.Collect$$_printf_percent$$00000009)
    _printf_percent                          0x080001d1   Thumb Code     0  _printf_percent.o(.ARM.Collect$$_printf_percent$$00000000)
    _printf_s                                0x080001d7   Thumb Code     0  _printf_s.o(.ARM.Collect$$_printf_percent$$00000014)
    _printf_percent_end                      0x080001dd   Thumb Code     0  _printf_percent_end.o(.ARM.Collect$$_printf_percent$$00000017)
    __rt_lib_init                            0x080001e1   Thumb Code     0  libinit.o(.ARM.Collect$$libinit$$00000000)
    __rt_lib_init_fp_1                       0x080001e3   Thumb Code     0  libinit2.o(.ARM.Collect$$libinit$$00000001)
    __rt_lib_init_alloca_1                   0x080001e7   Thumb Code     0  libinit2.o(.ARM.Collect$$libinit$$00000030)
    __rt_lib_init_argv_1                     0x080001e7   Thumb Code     0  libinit2.o(.ARM.Collect$$libinit$$0000002E)
    __rt_lib_init_atexit_1                   0x080001e7   Thumb Code     0  libinit2.o(.ARM.Collect$$libinit$$0000001D)
    __rt_lib_init_clock_1                    0x080001e7   Thumb Code     0  libinit2.o(.ARM.Collect$$libinit$$00000023)
    __rt_lib_init_cpp_1                      0x080001e7   Thumb Code     0  libinit2.o(.ARM.Collect$$libinit$$00000034)
    __rt_lib_init_exceptions_1               0x080001e7   Thumb Code     0  libinit2.o(.ARM.Collect$$libinit$$00000032)
    __rt_lib_init_fp_trap_1                  0x080001e7   Thumb Code     0  libinit2.o(.ARM.Collect$$libinit$$00000021)
    __rt_lib_init_getenv_1                   0x080001e7   Thumb Code     0  libinit2.o(.ARM.Collect$$libinit$$00000025)
    __rt_lib_init_heap_1                     0x080001e7   Thumb Code     0  libinit2.o(.ARM.Collect$$libinit$$0000000C)
    __rt_lib_init_lc_collate_1               0x080001e7   Thumb Code     0  libinit2.o(.ARM.Collect$$libinit$$00000013)
    __rt_lib_init_lc_ctype_1                 0x080001e7   Thumb Code     0  libinit2.o(.ARM.Collect$$libinit$$00000015)
    __rt_lib_init_lc_monetary_1              0x080001e7   Thumb Code     0  libinit2.o(.ARM.Collect$$libinit$$00000017)
    __rt_lib_init_lc_numeric_1               0x080001e7   Thumb Code     0  libinit2.o(.ARM.Collect$$libinit$$00000019)
    __rt_lib_init_lc_time_1                  0x080001e7   Thumb Code     0  libinit2.o(.ARM.Collect$$libinit$$0000001B)
    __rt_lib_init_preinit_1                  0x080001e7   Thumb Code     0  libinit2.o(.ARM.Collect$$libinit$$00000006)
    __rt_lib_init_rand_1                     0x080001e7   Thumb Code     0  libinit2.o(.ARM.Collect$$libinit$$00000010)
    __rt_lib_init_relocate_pie_1             0x080001e7   Thumb Code     0  libinit2.o(.ARM.Collect$$libinit$$00000004)
    __rt_lib_init_return                     0x080001e7   Thumb Code     0  libinit2.o(.ARM.Collect$$libinit$$00000035)
    __rt_lib_init_signal_1                   0x080001e7   Thumb Code     0  libinit2.o(.ARM.Collect$$libinit$$0000001F)
    __rt_lib_init_stdio_1                    0x080001e7   Thumb Code     0  libinit2.o(.ARM.Collect$$libinit$$00000027)
    __rt_lib_init_user_alloc_1               0x080001e7   Thumb Code     0  libinit2.o(.ARM.Collect$$libinit$$0000000E)
    __rt_lib_shutdown                        0x080001e9   Thumb Code     0  libshutdown.o(.ARM.Collect$$libshutdown$$00000000)
    __rt_lib_shutdown_cpp_1                  0x080001eb   Thumb Code     0  libshutdown2.o(.ARM.Collect$$libshutdown$$00000002)
    __rt_lib_shutdown_fp_trap_1              0x080001eb   Thumb Code     0  libshutdown2.o(.ARM.Collect$$libshutdown$$00000007)
    __rt_lib_shutdown_heap_1                 0x080001eb   Thumb Code     0  libshutdown2.o(.ARM.Collect$$libshutdown$$0000000F)
    __rt_lib_shutdown_return                 0x080001eb   Thumb Code     0  libshutdown2.o(.ARM.Collect$$libshutdown$$00000010)
    __rt_lib_shutdown_signal_1               0x080001eb   Thumb Code     0  libshutdown2.o(.ARM.Collect$$libshutdown$$0000000A)
    __rt_lib_shutdown_stdio_1                0x080001eb   Thumb Code     0  libshutdown2.o(.ARM.Collect$$libshutdown$$00000004)
    __rt_lib_shutdown_user_alloc_1           0x080001eb   Thumb Code     0  libshutdown2.o(.ARM.Collect$$libshutdown$$0000000C)
    __rt_entry                               0x080001ed   Thumb Code     0  __rtentry.o(.ARM.Collect$$rtentry$$00000000)
    __rt_entry_presh_1                       0x080001ed   Thumb Code     0  __rtentry2.o(.ARM.Collect$$rtentry$$00000002)
    __rt_entry_sh                            0x080001ed   Thumb Code     0  __rtentry4.o(.ARM.Collect$$rtentry$$00000004)
    __rt_entry_li                            0x080001f3   Thumb Code     0  __rtentry2.o(.ARM.Collect$$rtentry$$0000000A)
    __rt_entry_postsh_1                      0x080001f3   Thumb Code     0  __rtentry2.o(.ARM.Collect$$rtentry$$00000009)
    __rt_entry_main                          0x080001f7   Thumb Code     0  __rtentry2.o(.ARM.Collect$$rtentry$$0000000D)
    __rt_entry_postli_1                      0x080001f7   Thumb Code     0  __rtentry2.o(.ARM.Collect$$rtentry$$0000000C)
    __rt_exit                                0x080001ff   Thumb Code     0  rtexit.o(.ARM.Collect$$rtexit$$00000000)
    __rt_exit_ls                             0x08000201   Thumb Code     0  rtexit2.o(.ARM.Collect$$rtexit$$00000003)
    __rt_exit_prels_1                        0x08000201   Thumb Code     0  rtexit2.o(.ARM.Collect$$rtexit$$00000002)
    __rt_exit_exit                           0x08000205   Thumb Code     0  rtexit2.o(.ARM.Collect$$rtexit$$00000004)
    Reset_Handler                            0x0800020d   Thumb Code     8  startup_gd32f30x_hd.o(.text)
    ADC0_1_IRQHandler                        0x08000227   Thumb Code     0  startup_gd32f30x_hd.o(.text)
    ADC2_IRQHandler                          0x08000227   Thumb Code     0  startup_gd32f30x_hd.o(.text)
    CAN0_EWMC_IRQHandler                     0x08000227   Thumb Code     0  startup_gd32f30x_hd.o(.text)
    CAN0_RX1_IRQHandler                      0x08000227   Thumb Code     0  startup_gd32f30x_hd.o(.text)
    DMA0_Channel0_IRQHandler                 0x08000227   Thumb Code     0  startup_gd32f30x_hd.o(.text)
    DMA0_Channel1_IRQHandler                 0x08000227   Thumb Code     0  startup_gd32f30x_hd.o(.text)
    DMA0_Channel2_IRQHandler                 0x08000227   Thumb Code     0  startup_gd32f30x_hd.o(.text)
    DMA0_Channel3_IRQHandler                 0x08000227   Thumb Code     0  startup_gd32f30x_hd.o(.text)
    DMA0_Channel4_IRQHandler                 0x08000227   Thumb Code     0  startup_gd32f30x_hd.o(.text)
    DMA0_Channel5_IRQHandler                 0x08000227   Thumb Code     0  startup_gd32f30x_hd.o(.text)
    DMA0_Channel6_IRQHandler                 0x08000227   Thumb Code     0  startup_gd32f30x_hd.o(.text)
    DMA1_Channel0_IRQHandler                 0x08000227   Thumb Code     0  startup_gd32f30x_hd.o(.text)
    DMA1_Channel1_IRQHandler                 0x08000227   Thumb Code     0  startup_gd32f30x_hd.o(.text)
    DMA1_Channel2_IRQHandler                 0x08000227   Thumb Code     0  startup_gd32f30x_hd.o(.text)
    DMA1_Channel3_4_IRQHandler               0x08000227   Thumb Code     0  startup_gd32f30x_hd.o(.text)
    EXMC_IRQHandler                          0x08000227   Thumb Code     0  startup_gd32f30x_hd.o(.text)
    EXTI0_IRQHandler                         0x08000227   Thumb Code     0  startup_gd32f30x_hd.o(.text)
    EXTI1_IRQHandler                         0x08000227   Thumb Code     0  startup_gd32f30x_hd.o(.text)
    EXTI2_IRQHandler                         0x08000227   Thumb Code     0  startup_gd32f30x_hd.o(.text)
    EXTI3_IRQHandler                         0x08000227   Thumb Code     0  startup_gd32f30x_hd.o(.text)
    EXTI4_IRQHandler                         0x08000227   Thumb Code     0  startup_gd32f30x_hd.o(.text)
    EXTI5_9_IRQHandler                       0x08000227   Thumb Code     0  startup_gd32f30x_hd.o(.text)
    FMC_IRQHandler                           0x08000227   Thumb Code     0  startup_gd32f30x_hd.o(.text)
    I2C0_ER_IRQHandler                       0x08000227   Thumb Code     0  startup_gd32f30x_hd.o(.text)
    I2C0_EV_IRQHandler                       0x08000227   Thumb Code     0  startup_gd32f30x_hd.o(.text)
    I2C1_ER_IRQHandler                       0x08000227   Thumb Code     0  startup_gd32f30x_hd.o(.text)
    I2C1_EV_IRQHandler                       0x08000227   Thumb Code     0  startup_gd32f30x_hd.o(.text)
    LVD_IRQHandler                           0x08000227   Thumb Code     0  startup_gd32f30x_hd.o(.text)
    RCU_CTC_IRQHandler                       0x08000227   Thumb Code     0  startup_gd32f30x_hd.o(.text)
    RTC_Alarm_IRQHandler                     0x08000227   Thumb Code     0  startup_gd32f30x_hd.o(.text)
    RTC_IRQHandler                           0x08000227   Thumb Code     0  startup_gd32f30x_hd.o(.text)
    SDIO_IRQHandler                          0x08000227   Thumb Code     0  startup_gd32f30x_hd.o(.text)
    SPI0_IRQHandler                          0x08000227   Thumb Code     0  startup_gd32f30x_hd.o(.text)
    SPI1_IRQHandler                          0x08000227   Thumb Code     0  startup_gd32f30x_hd.o(.text)
    SPI2_IRQHandler                          0x08000227   Thumb Code     0  startup_gd32f30x_hd.o(.text)
    TAMPER_IRQHandler                        0x08000227   Thumb Code     0  startup_gd32f30x_hd.o(.text)
    TIMER0_BRK_IRQHandler                    0x08000227   Thumb Code     0  startup_gd32f30x_hd.o(.text)
    TIMER0_Channel_IRQHandler                0x08000227   Thumb Code     0  startup_gd32f30x_hd.o(.text)
    TIMER0_TRG_CMT_IRQHandler                0x08000227   Thumb Code     0  startup_gd32f30x_hd.o(.text)
    TIMER0_UP_IRQHandler                     0x08000227   Thumb Code     0  startup_gd32f30x_hd.o(.text)
    TIMER1_IRQHandler                        0x08000227   Thumb Code     0  startup_gd32f30x_hd.o(.text)
    TIMER2_IRQHandler                        0x08000227   Thumb Code     0  startup_gd32f30x_hd.o(.text)
    TIMER3_IRQHandler                        0x08000227   Thumb Code     0  startup_gd32f30x_hd.o(.text)
    TIMER4_IRQHandler                        0x08000227   Thumb Code     0  startup_gd32f30x_hd.o(.text)
    TIMER5_IRQHandler                        0x08000227   Thumb Code     0  startup_gd32f30x_hd.o(.text)
    TIMER6_IRQHandler                        0x08000227   Thumb Code     0  startup_gd32f30x_hd.o(.text)
    TIMER7_BRK_IRQHandler                    0x08000227   Thumb Code     0  startup_gd32f30x_hd.o(.text)
    TIMER7_Channel_IRQHandler                0x08000227   Thumb Code     0  startup_gd32f30x_hd.o(.text)
    TIMER7_TRG_CMT_IRQHandler                0x08000227   Thumb Code     0  startup_gd32f30x_hd.o(.text)
    TIMER7_UP_IRQHandler                     0x08000227   Thumb Code     0  startup_gd32f30x_hd.o(.text)
    UART4_IRQHandler                         0x08000227   Thumb Code     0  startup_gd32f30x_hd.o(.text)
    USART0_IRQHandler                        0x08000227   Thumb Code     0  startup_gd32f30x_hd.o(.text)
    USART1_IRQHandler                        0x08000227   Thumb Code     0  startup_gd32f30x_hd.o(.text)
    USART2_IRQHandler                        0x08000227   Thumb Code     0  startup_gd32f30x_hd.o(.text)
    USBD_HP_CAN0_TX_IRQHandler               0x08000227   Thumb Code     0  startup_gd32f30x_hd.o(.text)
    USBD_LP_CAN0_RX0_IRQHandler              0x08000227   Thumb Code     0  startup_gd32f30x_hd.o(.text)
    USBD_WKUP_IRQHandler                     0x08000227   Thumb Code     0  startup_gd32f30x_hd.o(.text)
    WWDGT_IRQHandler                         0x08000227   Thumb Code     0  startup_gd32f30x_hd.o(.text)
    __user_initial_stackheap                 0x08000229   Thumb Code    10  startup_gd32f30x_hd.o(.text)
    __2sprintf                               0x0800024d   Thumb Code    34  noretval__2sprintf.o(.text)
    __printf                                 0x08000275   Thumb Code   104  __printf.o(.text)
    _printf_str                              0x080002dd   Thumb Code    82  _printf_str.o(.text)
    _printf_int_dec                          0x08000331   Thumb Code   104  _printf_dec.o(.text)
    strlen                                   0x080003a9   Thumb Code    62  strlen.o(.text)
    strncmp                                  0x080003e7   Thumb Code   150  strncmp.o(.text)
    __aeabi_memcpy                           0x0800047d   Thumb Code     0  rt_memcpy_v6.o(.text)
    __rt_memcpy                              0x0800047d   Thumb Code   138  rt_memcpy_v6.o(.text)
    _memcpy_lastbytes                        0x080004e3   Thumb Code     0  rt_memcpy_v6.o(.text)
    __aeabi_memset4                          0x08000507   Thumb Code    16  aeabi_memset4.o(.text)
    __aeabi_memset8                          0x08000507   Thumb Code     0  aeabi_memset4.o(.text)
    __aeabi_memclr                           0x08000517   Thumb Code     0  rt_memclr.o(.text)
    __rt_memclr                              0x08000517   Thumb Code     0  rt_memclr.o(.text)
    _memset                                  0x0800051b   Thumb Code    64  rt_memclr.o(.text)
    __aeabi_memclr4                          0x0800055b   Thumb Code     0  rt_memclr_w.o(.text)
    __aeabi_memclr8                          0x0800055b   Thumb Code     0  rt_memclr_w.o(.text)
    __rt_memclr_w                            0x0800055b   Thumb Code     0  rt_memclr_w.o(.text)
    _memset_w                                0x0800055f   Thumb Code    74  rt_memclr_w.o(.text)
    __use_two_region_memory                  0x080005a9   Thumb Code     2  heapauxi.o(.text)
    __rt_heap_escrow$2region                 0x080005ab   Thumb Code     2  heapauxi.o(.text)
    __rt_heap_expand$2region                 0x080005ad   Thumb Code     2  heapauxi.o(.text)
    _printf_int_common                       0x080005af   Thumb Code   178  _printf_intcommon.o(.text)
    _printf_char_common                      0x0800066b   Thumb Code    32  _printf_char_common.o(.text)
    _sputc                                   0x08000691   Thumb Code    10  _sputc.o(.text)
    _printf_cs_common                        0x0800069b   Thumb Code    20  _printf_char.o(.text)
    _printf_char                             0x080006af   Thumb Code    16  _printf_char.o(.text)
    _printf_string                           0x080006bf   Thumb Code     8  _printf_char.o(.text)
    __aeabi_memcpy4                          0x080006c7   Thumb Code     0  rt_memcpy_w.o(.text)
    __aeabi_memcpy8                          0x080006c7   Thumb Code     0  rt_memcpy_w.o(.text)
    __rt_memcpy_w                            0x080006c7   Thumb Code   100  rt_memcpy_w.o(.text)
    _memcpy_lastbytes_aligned                0x0800070f   Thumb Code     0  rt_memcpy_w.o(.text)
    __user_setup_stackheap                   0x0800072b   Thumb Code    74  sys_stackheap_outer.o(.text)
    exit                                     0x08000775   Thumb Code    18  exit.o(.text)
    __user_libspace                          0x08000789   Thumb Code     8  libspace.o(.text)
    __user_perproc_libspace                  0x08000789   Thumb Code     0  libspace.o(.text)
    __user_perthread_libspace                0x08000789   Thumb Code     0  libspace.o(.text)
    _sys_exit                                0x08000791   Thumb Code     8  sys_exit.o(.text)
    __I$use$semihosting                      0x0800079d   Thumb Code     0  use_no_semi.o(.text)
    __use_no_semihosting_swi                 0x0800079d   Thumb Code     2  use_no_semi.o(.text)
    __semihosting_library_function           0x0800079f   Thumb Code     0  indicate_semi.o(.text)
    BusFault_Handler                         0x080007a1   Thumb Code     2  gd32f30x_it.o(.text.BusFault_Handler)
    DebugMon_Handler                         0x080007a5   Thumb Code     2  gd32f30x_it.o(.text.DebugMon_Handler)
    EXTI10_15_IRQHandler                     0x080007a9   Thumb Code   464  gd32f30x_it.o(.text.EXTI10_15_IRQHandler)
    HardFault_Handler                        0x0800099d   Thumb Code     2  gd32f30x_it.o(.text.HardFault_Handler)
    MemManage_Handler                        0x080009a1   Thumb Code     2  gd32f30x_it.o(.text.MemManage_Handler)
    NMI_Handler                              0x080009a5   Thumb Code     2  gd32f30x_it.o(.text.NMI_Handler)
    PendSV_Handler                           0x080009a9   Thumb Code     2  gd32f30x_it.o(.text.PendSV_Handler)
    SVC_Handler                              0x080009ad   Thumb Code     2  gd32f30x_it.o(.text.SVC_Handler)
    SysTick_Handler                          0x080009b1   Thumb Code     4  gd32f30x_it.o(.text.SysTick_Handler)
    SystemInit                               0x080009b5   Thumb Code   288  system_gd32f30x.o(.text.SystemInit)
    UART3_IRQHandler                         0x08000ad5   Thumb Code   180  atc_e25.o(.text.UART3_IRQHandler)
    UsageFault_Handler                       0x08000b89   Thumb Code     2  gd32f30x_it.o(.text.UsageFault_Handler)
    atc25_led_flash                          0x08000b8d   Thumb Code   214  atc_e25.o(.text.atc25_led_flash)
    atc25_led_init                           0x08000c65   Thumb Code    82  atc_e25.o(.text.atc25_led_init)
    atc25_led_off                            0x08000cb9   Thumb Code    76  atc_e25.o(.text.atc25_led_off)
    atc25_led_on                             0x08000d05   Thumb Code    76  atc_e25.o(.text.atc25_led_on)
    atc25_led_running                        0x08000d51   Thumb Code   236  atc_e25.o(.text.atc25_led_running)
    delay_1ms                                0x08000e3d   Thumb Code    20  systick.o(.text.delay_1ms)
    delay_decrement                          0x08000e51   Thumb Code    24  systick.o(.text.delay_decrement)
    exti_interrupt_flag_clear                0x08000e69   Thumb Code    12  gd32f30x_exti.o(.text.exti_interrupt_flag_clear)
    exti_interrupt_flag_get                  0x08000e75   Thumb Code    32  gd32f30x_exti.o(.text.exti_interrupt_flag_get)
    get_messages_for_topic                   0x08000e95   Thumb Code   112  atc_e25.o(.text.get_messages_for_topic)
    gpio_bit_reset                           0x08000f05   Thumb Code     4  gd32f30x_gpio.o(.text.gpio_bit_reset)
    gpio_bit_set                             0x08000f09   Thumb Code     4  gd32f30x_gpio.o(.text.gpio_bit_set)
    gpio_init                                0x08000f0d   Thumb Code   164  gd32f30x_gpio.o(.text.gpio_init)
    gpio_input_bit_get                       0x08000fb1   Thumb Code    10  gd32f30x_gpio.o(.text.gpio_input_bit_get)
    main                                     0x08000fbd   Thumb Code    48  main.o(.text.main)
    neoway_connect                           0x08000ff9   Thumb Code    86  atc_e25.o(.text.neoway_connect)
    pvPortMalloc                             0x08001779   Thumb Code   106  heap_1.o(.text.pvPortMalloc)
    pxPortInitialiseStack                    0x080017e5   Thumb Code    36  port.o(.text.pxPortInitialiseStack)
    rcu_periph_clock_enable                  0x08001809   Thumb Code    30  gd32f30x_rcu.o(.text.rcu_periph_clock_enable)
    systick_config                           0x08001829   Thumb Code    74  systick.o(.text.systick_config)
    usart_data_receive                       0x08001875   Thumb Code     8  gd32f30x_usart.o(.text.usart_data_receive)
    usart_data_transmit                      0x0800187d   Thumb Code     8  gd32f30x_usart.o(.text.usart_data_transmit)
    usart_flag_get                           0x08001885   Thumb Code    16  gd32f30x_usart.o(.text.usart_flag_get)
    usart_interrupt_flag_clear               0x08001895   Thumb Code    24  gd32f30x_usart.o(.text.usart_interrupt_flag_clear)
    usart_interrupt_flag_get                 0x080018ad   Thumb Code    34  gd32f30x_usart.o(.text.usart_interrupt_flag_get)
    usart_string_transmit                    0x080018d1   Thumb Code    54  atc_e25.o(.text.usart_string_transmit)
    uxListRemove                             0x08001909   Thumb Code    34  list.o(.text.uxListRemove)
    vApplicationGetTimerTaskMemory           0x0800192d   Thumb Code    26  tasks.o(.text.vApplicationGetTimerTaskMemory)
    vApplicationStackOverflowHook            0x08001949   Thumb Code    10  task_atc25.o(.text.vApplicationStackOverflowHook)
    vLEDTask                                 0x08001955   Thumb Code    18  main.o(.text.vLEDTask)
    vListInitialise                          0x08001969   Thumb Code    24  list.o(.text.vListInitialise)
    vListInitialiseItem                      0x08001981   Thumb Code     6  list.o(.text.vListInitialiseItem)
    vListInsert                              0x08001989   Thumb Code    62  list.o(.text.vListInsert)
    vPortEnterCritical                       0x080019c9   Thumb Code    70  port.o(.text.vPortEnterCritical)
    vPortExitCritical                        0x08001a11   Thumb Code    46  port.o(.text.vPortExitCritical)
    vPortFree                                0x08001a41   Thumb Code    26  heap_1.o(.text.vPortFree)
    vPortSVCHandler                          0x08001a61   Thumb Code    36  port.o(.text.vPortSVCHandler)
    vQueueWaitForMessageRestricted           0x08001a85   Thumb Code    78  queue.o(.text.vQueueWaitForMessageRestricted)
    vTaskDelay                               0x08001ad5   Thumb Code   218  tasks.o(.text.vTaskDelay)
    vTaskInternalSetTimeOutState             0x08001bb1   Thumb Code    30  tasks.o(.text.vTaskInternalSetTimeOutState)
    vTaskMissedYield                         0x08001bd1   Thumb Code    14  tasks.o(.text.vTaskMissedYield)
    vTaskPlaceOnEventList                    0x08001be1   Thumb Code    58  tasks.o(.text.vTaskPlaceOnEventList)
    vTaskPlaceOnEventListRestricted          0x08001c1d   Thumb Code   106  tasks.o(.text.vTaskPlaceOnEventListRestricted)
    vTaskStartScheduler                      0x08001c89   Thumb Code   178  tasks.o(.text.vTaskStartScheduler)
    vTaskSuspendAll                          0x08001d3d   Thumb Code    16  tasks.o(.text.vTaskSuspendAll)
    vTaskSwitchContext                       0x08001d4d   Thumb Code   194  tasks.o(.text.vTaskSwitchContext)
    xPortPendSVHandler                       0x08001e11   Thumb Code   100  port.o(.text.xPortPendSVHandler)
    xPortStartScheduler                      0x08001e75   Thumb Code   198  port.o(.text.xPortStartScheduler)
    xQueueGenericCreateStatic                0x08001f3d   Thumb Code   202  queue.o(.text.xQueueGenericCreateStatic)
    xQueueReceive                            0x08002009   Thumb Code   432  queue.o(.text.xQueueReceive)
    xTaskCheckForTimeOut                     0x080021b9   Thumb Code   186  tasks.o(.text.xTaskCheckForTimeOut)
    xTaskCreate                              0x08002275   Thumb Code   226  tasks.o(.text.xTaskCreate)
    xTaskCreateStatic                        0x08002359   Thumb Code   270  tasks.o(.text.xTaskCreateStatic)
    xTaskGetSchedulerState                   0x08002469   Thumb Code    38  tasks.o(.text.xTaskGetSchedulerState)
    xTaskGetTickCount                        0x08002491   Thumb Code    28  tasks.o(.text.xTaskGetTickCount)
    xTaskIncrementTick                       0x080024ad   Thumb Code   480  tasks.o(.text.xTaskIncrementTick)
    xTaskRemoveFromEventList                 0x0800268d   Thumb Code   230  tasks.o(.text.xTaskRemoveFromEventList)
    xTaskResumeAll                           0x08002775   Thumb Code   418  tasks.o(.text.xTaskResumeAll)
    xTimerCreateTimerTask                    0x08002919   Thumb Code   192  timers.o(.text.xTimerCreateTimerTask)
    _fp_init                                 0x080029e1   Thumb Code    26  fpinit.o(x$fpl$fpinit)
    __fplib_config_fpu_vfp                   0x080029f9   Thumb Code     0  fpinit.o(x$fpl$fpinit)
    __fplib_config_pureend_doubles           0x080029f9   Thumb Code     0  fpinit.o(x$fpl$fpinit)
    Region$$Table$$Base                      0x08002ab0   Number         0  anon$$obj.o(Region$$Table)
    Region$$Table$$Limit                     0x08002ad0   Number         0  anon$$obj.o(Region$$Table)
    SystemCoreClock                          0x20000000   Data           4  system_gd32f30x.o(.data.SystemCoreClock)
    alarm                                    0x20000004   Data           4  main.o(.data.alarm)
    led_mode                                 0x20000008   Data           1  main.o(.data.led_mode)
    timer_mode                               0x20000009   Data           1  main.o(.data.timer_mode)
    __libspace_start                         0x20000010   Data          96  libspace.o(.bss)
    __temporary_stack_top$libspace           0x20000070   Data           0  libspace.o(.bss)
    check                                    0x20000070   Data           1  atc_e25.o(.bss.check)
    counter                                  0x20000074   Data           4  main.o(.bss.counter)
    message_count                            0x2000007c   Data           1  gd32f30x_it.o(.bss.message_count)
    pxCurrentTCB                             0x200001cc   Data           4  tasks.o(.bss.pxCurrentTCB)
    rcv_index                                0x20000258   Data           1  atc_e25.o(.bss.rcv_index)
    received_data                            0x20000259   Data         100  atc_e25.o(.bss.received_data)
    received_data2                           0x200002c0   Data         100  atc_e25.o(.bss.received_data2)
    topics                                   0x20000324   Data       40560  atc_e25.o(.bss.topics)



==============================================================================

Memory Map of the image

  Image Entry point : 0x0800020d

  Load Region LR_1 (Base: 0x08000000, Size: 0x00002ae0, Max: 0xffffffff, ABSOLUTE)

    Execution Region ER_RO (Exec base: 0x08000000, Load base: 0x08000000, Size: 0x00002ad0, Max: 0xffffffff, ABSOLUTE)

    Exec Addr    Load Addr    Size         Type   Attr      Idx    E Section Name        Object

    0x08000000   0x08000000   0x00000130   Data   RO          766    RESET               startup_gd32f30x_hd.o
    0x08000130   0x08000130   0x00000008   Code   RO         1947  * !!!main             c_w.l(__main.o)
    0x08000138   0x08000138   0x0000005c   Code   RO         2125    !!!scatter          c_w.l(__scatter.o)
    0x08000194   0x08000194   0x0000001a   Code   RO         2129    !!handler_copy      c_w.l(__scatter_copy.o)
    0x080001ae   0x080001ae   0x00000002   PAD
    0x080001b0   0x080001b0   0x00000002   Code   RO         2126    !!handler_null      c_w.l(__scatter.o)
    0x080001b2   0x080001b2   0x00000002   PAD
    0x080001b4   0x080001b4   0x0000001c   Code   RO         2131    !!handler_zi        c_w.l(__scatter_zi.o)
    0x080001d0   0x080001d0   0x00000000   Code   RO         1924    .ARM.Collect$$_printf_percent$$00000000  c_w.l(_printf_percent.o)
    0x080001d0   0x080001d0   0x00000006   Code   RO         1923    .ARM.Collect$$_printf_percent$$00000009  c_w.l(_printf_d.o)
    0x080001d6   0x080001d6   0x00000006   Code   RO         1922    .ARM.Collect$$_printf_percent$$00000014  c_w.l(_printf_s.o)
    0x080001dc   0x080001dc   0x00000004   Code   RO         1958    .ARM.Collect$$_printf_percent$$00000017  c_w.l(_printf_percent_end.o)
    0x080001e0   0x080001e0   0x00000002   Code   RO         1987    .ARM.Collect$$libinit$$00000000  c_w.l(libinit.o)
    0x080001e2   0x080001e2   0x00000004   Code   RO         1993    .ARM.Collect$$libinit$$00000001  c_w.l(libinit2.o)
    0x080001e6   0x080001e6   0x00000000   Code   RO         1996    .ARM.Collect$$libinit$$00000004  c_w.l(libinit2.o)
    0x080001e6   0x080001e6   0x00000000   Code   RO         1998    .ARM.Collect$$libinit$$00000006  c_w.l(libinit2.o)
    0x080001e6   0x080001e6   0x00000000   Code   RO         2001    .ARM.Collect$$libinit$$0000000C  c_w.l(libinit2.o)
    0x080001e6   0x080001e6   0x00000000   Code   RO         2003    .ARM.Collect$$libinit$$0000000E  c_w.l(libinit2.o)
    0x080001e6   0x080001e6   0x00000000   Code   RO         2005    .ARM.Collect$$libinit$$00000010  c_w.l(libinit2.o)
    0x080001e6   0x080001e6   0x00000000   Code   RO         2008    .ARM.Collect$$libinit$$00000013  c_w.l(libinit2.o)
    0x080001e6   0x080001e6   0x00000000   Code   RO         2010    .ARM.Collect$$libinit$$00000015  c_w.l(libinit2.o)
    0x080001e6   0x080001e6   0x00000000   Code   RO         2012    .ARM.Collect$$libinit$$00000017  c_w.l(libinit2.o)
    0x080001e6   0x080001e6   0x00000000   Code   RO         2014    .ARM.Collect$$libinit$$00000019  c_w.l(libinit2.o)
    0x080001e6   0x080001e6   0x00000000   Code   RO         2016    .ARM.Collect$$libinit$$0000001B  c_w.l(libinit2.o)
    0x080001e6   0x080001e6   0x00000000   Code   RO         2018    .ARM.Collect$$libinit$$0000001D  c_w.l(libinit2.o)
    0x080001e6   0x080001e6   0x00000000   Code   RO         2020    .ARM.Collect$$libinit$$0000001F  c_w.l(libinit2.o)
    0x080001e6   0x080001e6   0x00000000   Code   RO         2022    .ARM.Collect$$libinit$$00000021  c_w.l(libinit2.o)
    0x080001e6   0x080001e6   0x00000000   Code   RO         2024    .ARM.Collect$$libinit$$00000023  c_w.l(libinit2.o)
    0x080001e6   0x080001e6   0x00000000   Code   RO         2026    .ARM.Collect$$libinit$$00000025  c_w.l(libinit2.o)
    0x080001e6   0x080001e6   0x00000000   Code   RO         2028    .ARM.Collect$$libinit$$00000027  c_w.l(libinit2.o)
    0x080001e6   0x080001e6   0x00000000   Code   RO         2032    .ARM.Collect$$libinit$$0000002E  c_w.l(libinit2.o)
    0x080001e6   0x080001e6   0x00000000   Code   RO         2034    .ARM.Collect$$libinit$$00000030  c_w.l(libinit2.o)
    0x080001e6   0x080001e6   0x00000000   Code   RO         2036    .ARM.Collect$$libinit$$00000032  c_w.l(libinit2.o)
    0x080001e6   0x080001e6   0x00000000   Code   RO         2038    .ARM.Collect$$libinit$$00000034  c_w.l(libinit2.o)
    0x080001e6   0x080001e6   0x00000002   Code   RO         2039    .ARM.Collect$$libinit$$00000035  c_w.l(libinit2.o)
    0x080001e8   0x080001e8   0x00000002   Code   RO         2061    .ARM.Collect$$libshutdown$$00000000  c_w.l(libshutdown.o)
    0x080001ea   0x080001ea   0x00000000   Code   RO         2076    .ARM.Collect$$libshutdown$$00000002  c_w.l(libshutdown2.o)
    0x080001ea   0x080001ea   0x00000000   Code   RO         2078    .ARM.Collect$$libshutdown$$00000004  c_w.l(libshutdown2.o)
    0x080001ea   0x080001ea   0x00000000   Code   RO         2081    .ARM.Collect$$libshutdown$$00000007  c_w.l(libshutdown2.o)
    0x080001ea   0x080001ea   0x00000000   Code   RO         2084    .ARM.Collect$$libshutdown$$0000000A  c_w.l(libshutdown2.o)
    0x080001ea   0x080001ea   0x00000000   Code   RO         2086    .ARM.Collect$$libshutdown$$0000000C  c_w.l(libshutdown2.o)
    0x080001ea   0x080001ea   0x00000000   Code   RO         2089    .ARM.Collect$$libshutdown$$0000000F  c_w.l(libshutdown2.o)
    0x080001ea   0x080001ea   0x00000002   Code   RO         2090    .ARM.Collect$$libshutdown$$00000010  c_w.l(libshutdown2.o)
    0x080001ec   0x080001ec   0x00000000   Code   RO         1949    .ARM.Collect$$rtentry$$00000000  c_w.l(__rtentry.o)
    0x080001ec   0x080001ec   0x00000000   Code   RO         1962    .ARM.Collect$$rtentry$$00000002  c_w.l(__rtentry2.o)
    0x080001ec   0x080001ec   0x00000006   Code   RO         1974    .ARM.Collect$$rtentry$$00000004  c_w.l(__rtentry4.o)
    0x080001f2   0x080001f2   0x00000000   Code   RO         1964    .ARM.Collect$$rtentry$$00000009  c_w.l(__rtentry2.o)
    0x080001f2   0x080001f2   0x00000004   Code   RO         1965    .ARM.Collect$$rtentry$$0000000A  c_w.l(__rtentry2.o)
    0x080001f6   0x080001f6   0x00000000   Code   RO         1967    .ARM.Collect$$rtentry$$0000000C  c_w.l(__rtentry2.o)
    0x080001f6   0x080001f6   0x00000008   Code   RO         1968    .ARM.Collect$$rtentry$$0000000D  c_w.l(__rtentry2.o)
    0x080001fe   0x080001fe   0x00000002   Code   RO         1991    .ARM.Collect$$rtexit$$00000000  c_w.l(rtexit.o)
    0x08000200   0x08000200   0x00000000   Code   RO         2041    .ARM.Collect$$rtexit$$00000002  c_w.l(rtexit2.o)
    0x08000200   0x08000200   0x00000004   Code   RO         2042    .ARM.Collect$$rtexit$$00000003  c_w.l(rtexit2.o)
    0x08000204   0x08000204   0x00000006   Code   RO         2043    .ARM.Collect$$rtexit$$00000004  c_w.l(rtexit2.o)
    0x0800020a   0x0800020a   0x00000002   PAD
    0x0800020c   0x0800020c   0x00000040   Code   RO          767  * .text               startup_gd32f30x_hd.o
    0x0800024c   0x0800024c   0x00000028   Code   RO         1894    .text               c_w.l(noretval__2sprintf.o)
    0x08000274   0x08000274   0x00000068   Code   RO         1896    .text               c_w.l(__printf.o)
    0x080002dc   0x080002dc   0x00000052   Code   RO         1898    .text               c_w.l(_printf_str.o)
    0x0800032e   0x0800032e   0x00000002   PAD
    0x08000330   0x08000330   0x00000078   Code   RO         1900    .text               c_w.l(_printf_dec.o)
    0x080003a8   0x080003a8   0x0000003e   Code   RO         1929    .text               c_w.l(strlen.o)
    0x080003e6   0x080003e6   0x00000096   Code   RO         1931    .text               c_w.l(strncmp.o)
    0x0800047c   0x0800047c   0x0000008a   Code   RO         1933    .text               c_w.l(rt_memcpy_v6.o)
    0x08000506   0x08000506   0x00000010   Code   RO         1937    .text               c_w.l(aeabi_memset4.o)
    0x08000516   0x08000516   0x00000044   Code   RO         1939    .text               c_w.l(rt_memclr.o)
    0x0800055a   0x0800055a   0x0000004e   Code   RO         1941    .text               c_w.l(rt_memclr_w.o)
    0x080005a8   0x080005a8   0x00000006   Code   RO         1945    .text               c_w.l(heapauxi.o)
    0x080005ae   0x080005ae   0x000000b2   Code   RO         1950    .text               c_w.l(_printf_intcommon.o)
    0x08000660   0x08000660   0x00000030   Code   RO         1952    .text               c_w.l(_printf_char_common.o)
    0x08000690   0x08000690   0x0000000a   Code   RO         1954    .text               c_w.l(_sputc.o)
    0x0800069a   0x0800069a   0x0000002c   Code   RO         1956    .text               c_w.l(_printf_char.o)
    0x080006c6   0x080006c6   0x00000064   Code   RO         1959    .text               c_w.l(rt_memcpy_w.o)
    0x0800072a   0x0800072a   0x0000004a   Code   RO         1978    .text               c_w.l(sys_stackheap_outer.o)
    0x08000774   0x08000774   0x00000012   Code   RO         1980    .text               c_w.l(exit.o)
    0x08000786   0x08000786   0x00000002   PAD
    0x08000788   0x08000788   0x00000008   Code   RO         1988    .text               c_w.l(libspace.o)
    0x08000790   0x08000790   0x0000000c   Code   RO         2051    .text               c_w.l(sys_exit.o)
    0x0800079c   0x0800079c   0x00000002   Code   RO         2066    .text               c_w.l(use_no_semi.o)
    0x0800079e   0x0800079e   0x00000000   Code   RO         2068    .text               c_w.l(indicate_semi.o)
    0x0800079e   0x0800079e   0x00000002   PAD
    0x080007a0   0x080007a0   0x00000002   Code   RO           25    .text.BusFault_Handler  gd32f30x_it.o
    0x080007a2   0x080007a2   0x00000002   PAD
    0x080007a4   0x080007a4   0x00000002   Code   RO           31    .text.DebugMon_Handler  gd32f30x_it.o
    0x080007a6   0x080007a6   0x00000002   PAD
    0x080007a8   0x080007a8   0x000001f4   Code   RO           37    .text.EXTI10_15_IRQHandler  gd32f30x_it.o
    0x0800099c   0x0800099c   0x00000002   Code   RO           21    .text.HardFault_Handler  gd32f30x_it.o
    0x0800099e   0x0800099e   0x00000002   PAD
    0x080009a0   0x080009a0   0x00000002   Code   RO           23    .text.MemManage_Handler  gd32f30x_it.o
    0x080009a2   0x080009a2   0x00000002   PAD
    0x080009a4   0x080009a4   0x00000002   Code   RO           19    .text.NMI_Handler   gd32f30x_it.o
    0x080009a6   0x080009a6   0x00000002   PAD
    0x080009a8   0x080009a8   0x00000002   Code   RO           33    .text.PendSV_Handler  gd32f30x_it.o
    0x080009aa   0x080009aa   0x00000002   PAD
    0x080009ac   0x080009ac   0x00000002   Code   RO           29    .text.SVC_Handler   gd32f30x_it.o
    0x080009ae   0x080009ae   0x00000002   PAD
    0x080009b0   0x080009b0   0x00000004   Code   RO           35    .text.SysTick_Handler  gd32f30x_it.o
    0x080009b4   0x080009b4   0x00000120   Code   RO          774    .text.SystemInit    system_gd32f30x.o
    0x08000ad4   0x08000ad4   0x000000b4   Code   RO           84    .text.UART3_IRQHandler  atc_e25.o
    0x08000b88   0x08000b88   0x00000002   Code   RO           27    .text.UsageFault_Handler  gd32f30x_it.o
    0x08000b8a   0x08000b8a   0x00000002   PAD
    0x08000b8c   0x08000b8c   0x000000d6   Code   RO           82    .text.atc25_led_flash  atc_e25.o
    0x08000c62   0x08000c62   0x00000002   PAD
    0x08000c64   0x08000c64   0x00000052   Code   RO           64    .text.atc25_led_init  atc_e25.o
    0x08000cb6   0x08000cb6   0x00000002   PAD
    0x08000cb8   0x08000cb8   0x0000004c   Code   RO           72    .text.atc25_led_off  atc_e25.o
    0x08000d04   0x08000d04   0x0000004c   Code   RO           70    .text.atc25_led_on  atc_e25.o
    0x08000d50   0x08000d50   0x000000ec   Code   RO           74    .text.atc25_led_running  atc_e25.o
    0x08000e3c   0x08000e3c   0x00000014   Code   RO           51    .text.delay_1ms     systick.o
    0x08000e50   0x08000e50   0x00000018   Code   RO           53    .text.delay_decrement  systick.o
    0x08000e68   0x08000e68   0x0000000c   Code   RO          230    .text.exti_interrupt_flag_clear  gd32f30x_exti.o
    0x08000e74   0x08000e74   0x00000020   Code   RO          228    .text.exti_interrupt_flag_get  gd32f30x_exti.o
    0x08000e94   0x08000e94   0x00000070   Code   RO          104    .text.get_messages_for_topic  atc_e25.o
    0x08000f04   0x08000f04   0x00000004   Code   RO          252    .text.gpio_bit_reset  gd32f30x_gpio.o
    0x08000f08   0x08000f08   0x00000004   Code   RO          250    .text.gpio_bit_set  gd32f30x_gpio.o
    0x08000f0c   0x08000f0c   0x000000a4   Code   RO          248    .text.gpio_init     gd32f30x_gpio.o
    0x08000fb0   0x08000fb0   0x0000000a   Code   RO          258    .text.gpio_input_bit_get  gd32f30x_gpio.o
    0x08000fba   0x08000fba   0x00000002   PAD
    0x08000fbc   0x08000fbc   0x0000003c   Code   RO            4    .text.main          main.o
    0x08000ff8   0x08000ff8   0x00000056   Code   RO           92    .text.neoway_connect  atc_e25.o
    0x0800104e   0x0800104e   0x00000002   PAD
    0x08001050   0x08001050   0x000000ce   Code   RO         1699    .text.prvAddCurrentTaskToDelayedList  tasks.o
    0x0800111e   0x0800111e   0x00000002   PAD
    0x08001120   0x08001120   0x00000130   Code   RO         1689    .text.prvAddNewTaskToReadyList  tasks.o
    0x08001250   0x08001250   0x0000007a   Code   RO         1727    .text.prvCheckTasksWaitingTermination  tasks.o
    0x080012ca   0x080012ca   0x00000002   PAD
    0x080012cc   0x080012cc   0x0000002a   Code   RO         1797    .text.prvIdleTask   tasks.o
    0x080012f6   0x080012f6   0x00000002   PAD
    0x080012f8   0x080012f8   0x000000a4   Code   RO         1872    .text.prvProcessExpiredTimer  timers.o
    0x0800139c   0x0800139c   0x00000032   Code   RO         1523    .text.prvTaskExitError  port.o
    0x080013ce   0x080013ce   0x00000002   PAD
    0x080013d0   0x080013d0   0x00000332   Code   RO         1836    .text.prvTimerTask  timers.o
    0x08001702   0x08001702   0x00000002   PAD
    0x08001704   0x08001704   0x00000074   Code   RO         1597    .text.prvUnlockQueue  queue.o
    0x08001778   0x08001778   0x0000006a   Code   RO         1552    .text.pvPortMalloc  heap_1.o
    0x080017e2   0x080017e2   0x00000002   PAD
    0x080017e4   0x080017e4   0x00000024   Code   RO         1521    .text.pxPortInitialiseStack  port.o
    0x08001808   0x08001808   0x0000001e   Code   RO          432    .text.rcu_periph_clock_enable  gd32f30x_rcu.o
    0x08001826   0x08001826   0x00000002   PAD
    0x08001828   0x08001828   0x0000004a   Code   RO           49    .text.systick_config  systick.o
    0x08001872   0x08001872   0x00000002   PAD
    0x08001874   0x08001874   0x00000008   Code   RO          687    .text.usart_data_receive  gd32f30x_usart.o
    0x0800187c   0x0800187c   0x00000008   Code   RO          685    .text.usart_data_transmit  gd32f30x_usart.o
    0x08001884   0x08001884   0x00000010   Code   RO          745    .text.usart_flag_get  gd32f30x_usart.o
    0x08001894   0x08001894   0x00000018   Code   RO          755    .text.usart_interrupt_flag_clear  gd32f30x_usart.o
    0x080018ac   0x080018ac   0x00000022   Code   RO          753    .text.usart_interrupt_flag_get  gd32f30x_usart.o
    0x080018ce   0x080018ce   0x00000002   PAD
    0x080018d0   0x080018d0   0x00000036   Code   RO           80    .text.usart_string_transmit  atc_e25.o
    0x08001906   0x08001906   0x00000002   PAD
    0x08001908   0x08001908   0x00000022   Code   RO         1511    .text.uxListRemove  list.o
    0x0800192a   0x0800192a   0x00000002   PAD
    0x0800192c   0x0800192c   0x0000001a   Code   RO         1793    .text.vApplicationGetTimerTaskMemory  tasks.o
    0x08001946   0x08001946   0x00000002   PAD
    0x08001948   0x08001948   0x0000000a   Code   RO          122    .text.vApplicationStackOverflowHook  task_atc25.o
    0x08001952   0x08001952   0x00000002   PAD
    0x08001954   0x08001954   0x00000012   Code   RO            2    .text.vLEDTask      main.o
    0x08001966   0x08001966   0x00000002   PAD
    0x08001968   0x08001968   0x00000018   Code   RO         1503    .text.vListInitialise  list.o
    0x08001980   0x08001980   0x00000006   Code   RO         1505    .text.vListInitialiseItem  list.o
    0x08001986   0x08001986   0x00000002   PAD
    0x08001988   0x08001988   0x0000003e   Code   RO         1509    .text.vListInsert   list.o
    0x080019c6   0x080019c6   0x00000002   PAD
    0x080019c8   0x080019c8   0x00000046   Code   RO         1535    .text.vPortEnterCritical  port.o
    0x08001a0e   0x08001a0e   0x00000002   PAD
    0x08001a10   0x08001a10   0x0000002e   Code   RO         1537    .text.vPortExitCritical  port.o
    0x08001a3e   0x08001a3e   0x00000002   PAD
    0x08001a40   0x08001a40   0x0000001a   Code   RO         1554    .text.vPortFree     heap_1.o
    0x08001a5a   0x08001a5a   0x00000006   PAD
    0x08001a60   0x08001a60   0x00000024   Code   RO         1525    .text.vPortSVCHandler  port.o
    0x08001a84   0x08001a84   0x0000004e   Code   RO         1627    .text.vQueueWaitForMessageRestricted  queue.o
    0x08001ad2   0x08001ad2   0x00000002   PAD
    0x08001ad4   0x08001ad4   0x000000da   Code   RO         1703    .text.vTaskDelay    tasks.o
    0x08001bae   0x08001bae   0x00000002   PAD
    0x08001bb0   0x08001bb0   0x0000001e   Code   RO         1755    .text.vTaskInternalSetTimeOutState  tasks.o
    0x08001bce   0x08001bce   0x00000002   PAD
    0x08001bd0   0x08001bd0   0x0000000e   Code   RO         1759    .text.vTaskMissedYield  tasks.o
    0x08001bde   0x08001bde   0x00000002   PAD
    0x08001be0   0x08001be0   0x0000003a   Code   RO         1743    .text.vTaskPlaceOnEventList  tasks.o
    0x08001c1a   0x08001c1a   0x00000002   PAD
    0x08001c1c   0x08001c1c   0x0000006a   Code   RO         1747    .text.vTaskPlaceOnEventListRestricted  tasks.o
    0x08001c86   0x08001c86   0x00000002   PAD
    0x08001c88   0x08001c88   0x000000b2   Code   RO         1723    .text.vTaskStartScheduler  tasks.o
    0x08001d3a   0x08001d3a   0x00000002   PAD
    0x08001d3c   0x08001d3c   0x00000010   Code   RO         1697    .text.vTaskSuspendAll  tasks.o
    0x08001d4c   0x08001d4c   0x000000c2   Code   RO         1717    .text.vTaskSwitchContext  tasks.o
    0x08001e0e   0x08001e0e   0x00000002   PAD
    0x08001e10   0x08001e10   0x00000064   Code   RO         1529    .text.xPortPendSVHandler  port.o
    0x08001e74   0x08001e74   0x000000c6   Code   RO         1527    .text.xPortStartScheduler  port.o
    0x08001f3a   0x08001f3a   0x00000002   PAD
    0x08001f3c   0x08001f3c   0x000000ca   Code   RO         1575    .text.xQueueGenericCreateStatic  queue.o
    0x08002006   0x08002006   0x00000002   PAD
    0x08002008   0x08002008   0x000001b0   Code   RO         1603    .text.xQueueReceive  queue.o
    0x080021b8   0x080021b8   0x000000ba   Code   RO         1757    .text.xTaskCheckForTimeOut  tasks.o
    0x08002272   0x08002272   0x00000002   PAD
    0x08002274   0x08002274   0x000000e2   Code   RO         1691    .text.xTaskCreate   tasks.o
    0x08002356   0x08002356   0x00000002   PAD
    0x08002358   0x08002358   0x0000010e   Code   RO         1687    .text.xTaskCreateStatic  tasks.o
    0x08002466   0x08002466   0x00000002   PAD
    0x08002468   0x08002468   0x00000026   Code   RO         1765    .text.xTaskGetSchedulerState  tasks.o
    0x0800248e   0x0800248e   0x00000002   PAD
    0x08002490   0x08002490   0x0000001c   Code   RO         1731    .text.xTaskGetTickCount  tasks.o
    0x080024ac   0x080024ac   0x000001e0   Code   RO         1729    .text.xTaskIncrementTick  tasks.o
    0x0800268c   0x0800268c   0x000000e6   Code   RO         1749    .text.xTaskRemoveFromEventList  tasks.o
    0x08002772   0x08002772   0x00000002   PAD
    0x08002774   0x08002774   0x000001a2   Code   RO         1701    .text.xTaskResumeAll  tasks.o
    0x08002916   0x08002916   0x00000002   PAD
    0x08002918   0x08002918   0x000000c8   Code   RO         1834    .text.xTimerCreateTimerTask  timers.o
    0x080029e0   0x080029e0   0x0000001a   Code   RO         2049    x$fpl$fpinit        fz_wm.l(fpinit.o)
    0x080029fa   0x080029fa   0x00000057   Data   RO           39    .rodata.str1.1      gd32f30x_it.o
    0x08002a51   0x08002a51   0x0000005b   Data   RO          110    .rodata.str1.1      atc_e25.o
    0x08002aac   0x08002aac   0x00000004   Data   RO         1814    .rodata.uxTopUsedPriority  tasks.o
    0x08002ab0   0x08002ab0   0x00000020   Data   RO         2124    Region$$Table       anon$$obj.o


    Execution Region ER_RW (Exec base: 0x20000000, Load base: 0x08002ad0, Size: 0x00000010, Max: 0xffffffff, ABSOLUTE)

    Exec Addr    Load Addr    Size         Type   Attr      Idx    E Section Name        Object

    0x20000000   0x08002ad0   0x00000004   Data   RW          778    .data.SystemCoreClock  system_gd32f30x.o
    0x20000004   0x08002ad4   0x00000004   Data   RW            9    .data.alarm         main.o
    0x20000008   0x08002ad8   0x00000001   Data   RW            6    .data.led_mode      main.o
    0x20000009   0x08002ad9   0x00000001   Data   RW            7    .data.timer_mode    main.o
    0x2000000a   0x08002ada   0x00000002   PAD
    0x2000000c   0x08002adc   0x00000004   Data   RW         1543    .data.uxCriticalNesting  port.o


    Execution Region ER_ZI (Exec base: 0x20000010, Load base: 0x08002ae0, Size: 0x0000bf40, Max: 0xffffffff, ABSOLUTE)

    Exec Addr    Load Addr    Size         Type   Attr      Idx    E Section Name        Object

    0x20000010        -       0x00000060   Zero   RW         1989    .bss                c_w.l(libspace.o)
    0x20000070        -       0x00000001   Zero   RW          107    .bss.check          atc_e25.o
    0x20000071   0x08002ae0   0x00000003   PAD
    0x20000074        -       0x00000004   Zero   RW            8    .bss.counter        main.o
    0x20000078        -       0x00000004   Zero   RW           55    .bss.delay          systick.o
    0x2000007c        -       0x00000001   Zero   RW           40    .bss.message_count  gd32f30x_it.o
    0x2000007d        -       0x000000f0   Zero   RW         1882    .bss.prvCheckForValidListAndQueue.ucStaticTimerQueueStorage  timers.o
    0x2000016d   0x08002ae0   0x00000003   PAD
    0x20000170        -       0x00000050   Zero   RW         1881    .bss.prvCheckForValidListAndQueue.xStaticTimerQueue  timers.o
    0x200001c0        -       0x00000008   Zero   RW         1878    .bss.prvSampleTimeNow.xLastTime  timers.o
    0x200001c8        -       0x00000004   Zero   RW         1562    .bss.pvPortMalloc.pucAlignedHeap  heap_1.o
    0x200001cc        -       0x00000004   Zero   RW         1799    .bss.pxCurrentTCB   tasks.o
    0x200001d0        -       0x00000004   Zero   RW         1876    .bss.pxCurrentTimerList  timers.o
    0x200001d4        -       0x00000004   Zero   RW         1816    .bss.pxDelayedTaskList  tasks.o
    0x200001d8        -       0x00000004   Zero   RW         1817    .bss.pxOverflowDelayedTaskList  tasks.o
    0x200001dc        -       0x00000004   Zero   RW         1877    .bss.pxOverflowTimerList  timers.o
    0x200001e0        -       0x00000078   Zero   RW         1807    .bss.pxReadyTasksLists  tasks.o
    0x20000258        -       0x00000001   Zero   RW          106    .bss.rcv_index      atc_e25.o
    0x20000259        -       0x00000064   Zero   RW          108    .bss.received_data  atc_e25.o
    0x200002bd   0x08002ae0   0x00000003   PAD
    0x200002c0        -       0x00000064   Zero   RW          109    .bss.received_data2  atc_e25.o
    0x20000324        -       0x00009e70   Zero   RW          111    .bss.topics         atc_e25.o
    0x2000a194        -       0x00001000   Zero   RW         1563    .bss.ucHeap         heap_1.o
    0x2000b194        -       0x00000004   Zero   RW         1804    .bss.uxCurrentNumberOfTasks  tasks.o
    0x2000b198        -       0x00000004   Zero   RW         1803    .bss.uxDeletedTasksWaitingCleanUp  tasks.o
    0x2000b19c        -       0x00000004   Zero   RW         1805    .bss.uxSchedulerSuspended  tasks.o
    0x2000b1a0        -       0x00000004   Zero   RW         1800    .bss.uxTaskNumber   tasks.o
    0x2000b1a4        -       0x00000004   Zero   RW         1808    .bss.uxTopReadyPriority  tasks.o
    0x2000b1a8        -       0x00000200   Zero   RW         1820    .bss.vApplicationGetIdleTaskMemory.uxIdleTaskStack  tasks.o
    0x2000b3a8        -       0x00000060   Zero   RW         1819    .bss.vApplicationGetIdleTaskMemory.xIdleTaskTCB  tasks.o
    0x2000b408        -       0x00000200   Zero   RW         1822    .bss.vApplicationGetTimerTaskMemory.uxTimerTaskStack  tasks.o
    0x2000b608        -       0x00000060   Zero   RW         1821    .bss.vApplicationGetTimerTaskMemory.xTimerTaskTCB  tasks.o
    0x2000b668        -       0x00000018   Zero   RW         1879    .bss.xActiveTimerList1  timers.o
    0x2000b680        -       0x00000018   Zero   RW         1880    .bss.xActiveTimerList2  timers.o
    0x2000b698        -       0x00000018   Zero   RW         1823    .bss.xDelayedTaskList1  tasks.o
    0x2000b6b0        -       0x00000018   Zero   RW         1824    .bss.xDelayedTaskList2  tasks.o
    0x2000b6c8        -       0x00000004   Zero   RW         1813    .bss.xIdleTaskHandles.0  tasks.o
    0x2000b6cc        -       0x00000004   Zero   RW         1564    .bss.xNextFreeByte  heap_1.o
    0x2000b6d0        -       0x00000008   Zero   RW         1812    .bss.xNextTaskUnblockTime  tasks.o
    0x2000b6d8        -       0x00000004   Zero   RW         1818    .bss.xNumOfOverflows  tasks.o
    0x2000b6dc   0x08002ae0   0x00000004   PAD
    0x2000b6e0        -       0x00000008   Zero   RW         1815    .bss.xPendedTicks   tasks.o
    0x2000b6e8        -       0x00000018   Zero   RW         1811    .bss.xPendingReadyList  tasks.o
    0x2000b700        -       0x00000004   Zero   RW         1801    .bss.xSchedulerRunning  tasks.o
    0x2000b704   0x08002ae0   0x00000004   PAD
    0x2000b708        -       0x00000018   Zero   RW         1809    .bss.xSuspendedTaskList  tasks.o
    0x2000b720        -       0x00000018   Zero   RW         1802    .bss.xTasksWaitingTermination  tasks.o
    0x2000b738        -       0x00000008   Zero   RW         1806    .bss.xTickCount     tasks.o
    0x2000b740        -       0x00000004   Zero   RW         1874    .bss.xTimerQueue    timers.o
    0x2000b744        -       0x00000004   Zero   RW         1875    .bss.xTimerTaskHandle  timers.o
    0x2000b748        -       0x00000004   Zero   RW         1810    .bss.xYieldPendings  tasks.o
    0x2000b74c   0x08002ae0   0x00000004   PAD
    0x2000b750        -       0x00000400   Zero   RW          765    HEAP                startup_gd32f30x_hd.o
    0x2000bb50        -       0x00000400   Zero   RW          764    STACK               startup_gd32f30x_hd.o


==============================================================================

Image component sizes


      Code (inc. data)   RO Data    RW Data    ZI Data      Debug   Object Name

      1116          0         91          0      40762      15161   atc_e25.o
        44          0          0          0          0       3462   gd32f30x_exti.o
       182          0          0          0          0       5958   gd32f30x_gpio.o
       520         48         87          0          1       2940   gd32f30x_it.o
        30          0          0          0          0      14087   gd32f30x_rcu.o
        90          0          0          0          0      11381   gd32f30x_usart.o
       132          0          0          0       4104       2030   heap_1.o
       126          0          0          0          0       2376   list.o
        78         12          0          6          4       1138   main.o
       536          8          0          4          0       3984   port.o
       828          0          0          0          0      24899   queue.o
        64         26        304          0       2048        940   startup_gd32f30x_hd.o
       288          0          0          4          0       2489   system_gd32f30x.o
       118          0          0          0          4       4051   systick.o
        10          0          0          0          0       1235   task_atc25.o
      3390          0          4          0       1528      36802   tasks.o
      1182         18          0          0        392      15566   timers.o

    ----------------------------------------------------------------------
      8832        112        518         16      48864     148499   Object Totals
         0          0         32          0          0          0   (incl. Generated)
        98          0          0          2         21          0   (incl. Padding)

    ----------------------------------------------------------------------

      Code (inc. data)   RO Data    RW Data    ZI Data      Debug   Library Member Name

         8          0          0          0          0         68   __main.o
       104          0          0          0          0         84   __printf.o
         0          0          0          0          0          0   __rtentry.o
        12          0          0          0          0          0   __rtentry2.o
         6          0          0          0          0          0   __rtentry4.o
        94          8          0          0          0          0   __scatter.o
        26          0          0          0          0          0   __scatter_copy.o
        28          0          0          0          0          0   __scatter_zi.o
        44          0          0          0          0        108   _printf_char.o
        48          6          0          0          0         96   _printf_char_common.o
         6          0          0          0          0          0   _printf_d.o
       120         16          0          0          0         92   _printf_dec.o
       178          0          0          0          0         88   _printf_intcommon.o
         0          0          0          0          0          0   _printf_percent.o
         4          0          0          0          0          0   _printf_percent_end.o
         6          0          0          0          0          0   _printf_s.o
        82          0          0          0          0         80   _printf_str.o
        10          0          0          0          0         68   _sputc.o
        16          0          0          0          0         68   aeabi_memset4.o
        18          0          0          0          0         80   exit.o
         6          0          0          0          0        152   heapauxi.o
         0          0          0          0          0          0   indicate_semi.o
         2          0          0          0          0          0   libinit.o
         6          0          0          0          0          0   libinit2.o
         2          0          0          0          0          0   libshutdown.o
         2          0          0          0          0          0   libshutdown2.o
         8          4          0          0         96         68   libspace.o
        40          6          0          0          0         84   noretval__2sprintf.o
        68          0          0          0          0         68   rt_memclr.o
        78          0          0          0          0         80   rt_memclr_w.o
       138          0          0          0          0         68   rt_memcpy_v6.o
       100          0          0          0          0         80   rt_memcpy_w.o
         2          0          0          0          0          0   rtexit.o
        10          0          0          0          0          0   rtexit2.o
        62          0          0          0          0         76   strlen.o
       150          0          0          0          0         80   strncmp.o
        12          4          0          0          0         68   sys_exit.o
        74          0          0          0          0         80   sys_stackheap_outer.o
         2          0          0          0          0         68   use_no_semi.o
        26          0          0          0          0        116   fpinit.o

    ----------------------------------------------------------------------
      1610         44          0          0         96       1920   Library Totals
        12          0          0          0          0          0   (incl. Padding)

    ----------------------------------------------------------------------

      Code (inc. data)   RO Data    RW Data    ZI Data      Debug   Library Name

      1572         44          0          0         96       1804   c_w.l
        26          0          0          0          0        116   fz_wm.l

    ----------------------------------------------------------------------
      1610         44          0          0         96       1920   Library Totals

    ----------------------------------------------------------------------

==============================================================================


      Code (inc. data)   RO Data    RW Data    ZI Data      Debug   

     10442        156        518         16      48960     149251   Grand Totals
     10442        156        518         16      48960     149251   ELF Image Totals
     10442        156        518         16          0          0   ROM Totals

==============================================================================

    Total RO  Size (Code + RO Data)                10960 (  10.70kB)
    Total RW  Size (RW Data + ZI Data)             48976 (  47.83kB)
    Total ROM Size (Code + RO Data + RW Data)      10976 (  10.72kB)

==============================================================================

